BL51 BANKED LINKER/LOCATER V6.22.2.0                                                    04/23/2019  19:23:19  PAGE 1


BL51 BANKED LINKER/LOCATER V6.22.2.0, INVOKED BY:
E:\MDK\C51\BIN\BL51.EXE .\obj\STARTUP.obj, .\obj\main.obj, .\obj\SYSTEM.obj, .\obj\function.obj, .\obj\INIT.obj, .\obj\k
>> ey.obj, .\obj\UART.obj, .\obj\S_TouchKeyCFG.obj, .\lib\SC92F8X6XB_HighSensitive_Lib_T1_V1.0.5.LIB, .\obj\TimeOut.obj 
>> TO .\obj\B26_ALL_2018.02.03 PRINT (.\lst\B26_ALL_2018.02.m51) RAMSIZE (256)


MEMORY MODEL: SMALL


INPUT MODULES INCLUDED:
  .\obj\STARTUP.obj (?C_STARTUP)
  .\obj\main.obj (MAIN)
  .\obj\SYSTEM.obj (SYSTEM)
  .\obj\function.obj (FUNCTION)
  .\obj\INIT.obj (INIT)
  .\obj\key.obj (KEY)
  .\obj\UART.obj (UART)
  .\obj\S_TouchKeyCFG.obj (S_TOUCHKEYCFG)
  .\lib\SC92F8X6XB_HighSensitive_Lib_T1_V1.0.5.LIB (SENSORMETHOD)
  .\obj\TimeOut.obj (TIMEOUT)
  E:\MDK\C51\LIB\C51S.LIB (?C_INIT)
  E:\MDK\C51\LIB\C51S.LIB (?C?CLDOPTR)
  E:\MDK\C51\LIB\C51S.LIB (?C?IMUL)
  E:\MDK\C51\LIB\C51S.LIB (?C?UIDIV)
  E:\MDK\C51\LIB\C51S.LIB (?C?IILDX)
  E:\MDK\C51\LIB\C51S.LIB (?C?LMUL)
  E:\MDK\C51\LIB\C51S.LIB (?C?ULDIV)
  E:\MDK\C51\LIB\C51S.LIB (?C?SLDIV)
  E:\MDK\C51\LIB\C51S.LIB (?C?LNOT)
  E:\MDK\C51\LIB\C51S.LIB (?C?ULCMP)
  E:\MDK\C51\LIB\C51S.LIB (?C?ULSHR)
  E:\MDK\C51\LIB\C51S.LIB (?C?SLSHR)
  E:\MDK\C51\LIB\C51S.LIB (?C?LSHL)
  E:\MDK\C51\LIB\C51S.LIB (?C?LLDOPTR)
  E:\MDK\C51\LIB\C51S.LIB (?C?LSTPTR)
  E:\MDK\C51\LIB\C51S.LIB (?C?LSTOPTR)
  E:\MDK\C51\LIB\C51S.LIB (?C?LLDPTR0)
  E:\MDK\C51\LIB\C51S.LIB (?C?OFFXADD)
  E:\MDK\C51\LIB\C51S.LIB (?C?CCASE)
  E:\MDK\C51\LIB\C51S.LIB (?C?LCASE)
  E:\MDK\C51\LIB\C51S.LIB (?C?MEMSET)
  E:\MDK\C51\LIB\C51S.LIB (?C?LLDIDATA)
  E:\MDK\C51\LIB\C51S.LIB (?C?LLDXDATA)
  E:\MDK\C51\LIB\C51S.LIB (?C?LLDPDATA)
  E:\MDK\C51\LIB\C51S.LIB (?C?LLDCODE)
  E:\MDK\C51\LIB\C51S.LIB (?C?LLDIDATA0)
  E:\MDK\C51\LIB\C51S.LIB (?C?LLDXDATA0)
  E:\MDK\C51\LIB\C51S.LIB (?C?LLDPDATA0)
  E:\MDK\C51\LIB\C51S.LIB (?C?LLDCODE0)
  E:\MDK\C51\LIB\C51S.LIB (?C?LSTIDATA)
  E:\MDK\C51\LIB\C51S.LIB (?C?LSTXDATA)
  E:\MDK\C51\LIB\C51S.LIB (?C?LSTPDATA)


LINK MAP OF MODULE:  .\obj\B26_ALL_2018.02.03 (?C_STARTUP)


            TYPE    BASE      LENGTH    RELOCATION   SEGMENT NAME
BL51 BANKED LINKER/LOCATER V6.22.2.0                                                  04/23/2019  19:23:19  PAGE 2


            -----------------------------------------------------

            * * * * * * *   D A T A   M E M O R Y   * * * * * * *
            REG     0000H     0008H     ABSOLUTE     "REG BANK 0"
            DATA    0008H     0016H     UNIT         ?DT?FUNCTION
                    001EH     0002H                  *** GAP ***
            BIT     0020H.0   0000H.4   UNIT         ?BI?S_TOUCHKEYCFG
            BIT     0020H.4   0000H.2   UNIT         ?BI?SENSORMETHOD
            BIT     0020H.6   0000H.1   UNIT         _BIT_GROUP_
                    0020H.7   0000H.1                *** GAP ***
            DATA    0021H     0019H     UNIT         _DATA_GROUP_
            DATA    003AH     0014H     UNIT         ?DT?SYSTEM
            DATA    004EH     000EH     UNIT         ?DT?UART
            DATA    005CH     0009H     UNIT         ?DT?SENSORMETHOD
            DATA    0065H     0008H     UNIT         ?DT?KEY
            DATA    006DH     0005H     UNIT         ?DT?INIT
            DATA    0072H     0005H     UNIT         ?DT?SINGLEKEYFASTSCAN?S_TOUCHKEYCFG
            DATA    0077H     0004H     UNIT         ?DT?TOUCHKEY_LOWPOWER_DISPOSE?S_TOUCHKEYCFG
            DATA    007BH     0004H     UNIT         ?DT?TIMEOUT
            IDATA   007FH     0003H     UNIT         ?ID?S_TOUCHKEYCFG
            IDATA   0082H     0001H     UNIT         ?STACK

            * * * * * * *  X D A T A   M E M O R Y  * * * * * * *
            XDATA   0000H     0080H     UNIT         ?XD?S_TOUCHKEYCFG
            XDATA   0080H     0009H     UNIT         ?XD?SENSORMETHOD
            XDATA   0089H     0001H     UNIT         _XDATA_GROUP_

            * * * * * * *   C O D E   M E M O R Y   * * * * * * *
            CODE    0000H     0003H     ABSOLUTE     
            CODE    0003H     0006H     UNIT         ?PR?REV_DATA?UART
            CODE    0009H     0001H     UNIT         ?PR?CUSTOMER_INTOLOWPOWERMODE_INIT?MAIN
            CODE    000AH     0001H     UNIT         ?PR?CUSTOMER_QUITLOWPOWERMODE_INIT?MAIN
            CODE    000BH     0003H     ABSOLUTE     
            CODE    000EH     000DH     UNIT         ?PR?_UART1_TX_BYTE?UART
            CODE    001BH     0003H     ABSOLUTE     
            CODE    001EH     000DH     UNIT         ?PR?TIMEOUTDET_INIT?TIMEOUT
            CODE    002BH     0003H     ABSOLUTE     
            CODE    002EH     000CH     UNIT         ?PR?GETTKYZCNT?S_TOUCHKEYCFG
            CODE    003AH     0001H     UNIT         ?PR?CUSTOMER_BTM_DISPOSE?MAIN
            CODE    003BH     0003H     ABSOLUTE     
            CODE    003EH     000CH     UNIT         ?PR?_USDELAY?SENSORMETHOD
            CODE    004AH     0001H     UNIT         ?PR?TIMER1?INIT
            CODE    004BH     0003H     ABSOLUTE     
            CODE    004EH     000BH     UNIT         ?PR?_UART_TX_BYTE?UART
                    0059H     0002H                  *** GAP ***
            CODE    005BH     0003H     ABSOLUTE     
            CODE    005EH     03D3H     UNIT         ?C?LIB_CODE
            CODE    0431H     03A0H     UNIT         ?PR?_SENSORRENOVATE?SENSORMETHOD
            CODE    07D1H     023CH     UNIT         ?PR?TOUCHKEYSCAN?S_TOUCHKEYCFG
            CODE    0A0DH     022BH     UNIT         ?PR?KEY_HANDLE?KEY
            CODE    0C38H     0192H     UNIT         ?PR?TIMER0?INIT
            CODE    0DCAH     0146H     UNIT         ?PR?TOUCHKEY_LOWPOWER_DISPOSE?S_TOUCHKEYCFG
            CODE    0F10H     013BH     UNIT         ?PR?SINGLEKEYFASTSCAN?S_TOUCHKEYCFG
            CODE    104BH     011FH     UNIT         ?PR?_MULTIPLEDEAL?SENSORMETHOD
            CODE    116AH     011FH     UNIT         ?PR?SENSORMETHOD
            CODE    1289H     00BBH     UNIT         ?PR?_FILTERDATADEAL?SENSORMETHOD
            CODE    1344H     00B1H     UNIT         ?PR?CTK_ISR?SENSORMETHOD
BL51 BANKED LINKER/LOCATER V6.22.2.0                                                  04/23/2019  19:23:19  PAGE 3


            CODE    13F5H     00A3H     UNIT         ?PR?CURRENTSENSORCHOOSE?S_TOUCHKEYCFG
            CODE    1498H     009AH     UNIT         ?C_C51STARTUP
            CODE    1532H     0088H     UNIT         ?PR?TOUCHKEYINIT?SENSORMETHOD
            CODE    15BAH     0086H     UNIT         ?PR?_UART_INIT?UART
            CODE    1640H     007FH     UNIT         ?PR?_ICHAADJUST?SENSORMETHOD
            CODE    16BFH     007BH     UNIT         ?PR?TOUCHKEY_LOWPOWER_SCAN?S_TOUCHKEYCFG
            CODE    173AH     0062H     UNIT         ?CO?S_TOUCHKEYCFG
            CODE    179CH     005FH     UNIT         ?PR?REVDATA_HANDLE?UART
            CODE    17FBH     005CH     UNIT         ?PR?TOUCHKEYCFGINIT?S_TOUCHKEYCFG
            CODE    1857H     0058H     UNIT         ?PR?FILTERAVERGEDEAL?SENSORMETHOD
            CODE    18AFH     0058H     UNIT         ?PR?_TIMEOUTDET_CHECK?TIMEOUT
            CODE    1907H     0055H     UNIT         ?PR?_UART1_INIT?UART
            CODE    195CH     004CH     UNIT         ?PR?_UART1_PROTOCOLSEND?UART
            CODE    19A8H     004CH     UNIT         ?PR?_UART2_PROTOCOLSEND?UART
            CODE    19F4H     004CH     UNIT         ?PR?INITIALIZESENSORFLAG?SENSORMETHOD
            CODE    1A40H     0044H     UNIT         ?PR?_GETCFGMSG?S_TOUCHKEYCFG
            CODE    1A84H     0044H     UNIT         ?C?LDIV
            CODE    1AC8H     0040H     UNIT         ?PR?CUP_OPEN_CMD?FUNCTION
            CODE    1B08H     003FH     UNIT         ?PR?SYSTEM_HANDLE?SYSTEM
            CODE    1B47H     0037H     UNIT         ?PR?_GETCURRFINGERVALUE?S_TOUCHKEYCFG
            CODE    1B7EH     0033H     UNIT         ?PR?_UART1_SENDDATA?UART
            CODE    1BB1H     0033H     UNIT         ?PR?_UART2_SENDDATA?UART
            CODE    1BE4H     0032H     UNIT         ?PR?SYSTEM_INIT?SYSTEM
            CODE    1C16H     0032H     UNIT         ?PR?_TIMEOUT_RECORD?TIMEOUT
            CODE    1C48H     0031H     UNIT         ?PR?UART1_INT?UART
            CODE    1C79H     002EH     UNIT         ?PR?FOOT_LED_CMD?FUNCTION
            CODE    1CA7H     002EH     UNIT         ?PR?LOWPOWER_TOUCHKEY_SCAN?S_TOUCHKEYCFG
            CODE    1CD5H     002CH     UNIT         ?PR?KEY_SCANF?KEY
            CODE    1D01H     0029H     UNIT         ?PR?_GETTKYZTHRESHOLD?S_TOUCHKEYCFG
            CODE    1D2AH     0025H     UNIT         ?PR?FILTERCOMMCODE?SENSORMETHOD
            CODE    1D4FH     0025H     UNIT         ?PR?SENSORKEYFLAG?SENSORMETHOD
            CODE    1D74H     0024H     UNIT         ?PR?INITIALIZEBASELINES?SENSORMETHOD
            CODE    1D98H     0021H     UNIT         ?PR?FILTERIIRINIT?SENSORMETHOD
            CODE    1DB9H     0021H     UNIT         ?PR?TIMEOUTDET_DECHANDLE?TIMEOUT
            CODE    1DDAH     001DH     UNIT         ?C_INITSEG
            CODE    1DF7H     0017H     UNIT         ?PR?TOUCHKEY_QUITLOWPOWERMODE?S_TOUCHKEYCFG
            CODE    1E0EH     0016H     UNIT         ?PR?_GETSCANTIMEVALUE?S_TOUCHKEYCFG
            CODE    1E24H     0013H     UNIT         ?PR?TIMER0_INIT?INIT
            CODE    1E37H     0011H     UNIT         ?PR?_GETBASELINEADJUSTVALUE?S_TOUCHKEYCFG
            CODE    1E48H     0011H     UNIT         ?PR?SLEEPMODE?S_TOUCHKEYCFG
            CODE    1E59H     000FH     UNIT         ?PR?GPIO_INIT?INIT
            CODE    1E68H     000FH     UNIT         ?PR?TOUCHKEY_INTOLOWPOWERMODE?S_TOUCHKEYCFG
            CODE    1E77H     000EH     UNIT         ?PR?REVDATA_IF?UART
            CODE    1E85H     000EH     UNIT         ?PR?BTM_INIT?S_TOUCHKEYCFG
            CODE    1E93H     000BH     UNIT         ?PR?SETONEKEYPUSHRESETTIME?S_TOUCHKEYCFG
            CODE    1E9EH     000BH     UNIT         ?PR?GETBASELINEUPDATETHRESHOLD?S_TOUCHKEYCFG
            CODE    1EA9H     000BH     UNIT         ?PR?GETINITAUTOUPDATETIME?S_TOUCHKEYCFG
            CODE    1EB4H     000BH     UNIT         ?PR?ISDOUBLEKEYORSLIDEKEY?S_TOUCHKEYCFG
            CODE    1EBFH     000AH     UNIT         ?PR?GETUPCONFIRMCNT?S_TOUCHKEYCFG
            CODE    1EC9H     0009H     UNIT         ?PR?MAIN?MAIN
            CODE    1ED2H     0009H     UNIT         ?PR?BTMINIT?S_TOUCHKEYCFG
            CODE    1EDBH     0009H     UNIT         ?PR?TIMEOUT_BASEVALUE?TIMEOUT
            CODE    1EE4H     0004H     UNIT         ?PR?PUSHB_OPEN_CMD?FUNCTION
            CODE    1EE8H     0004H     UNIT         ?PR?PUSHB_CLOSE_CMD?FUNCTION
            CODE    1EECH     0004H     UNIT         ?PR?PUSHA_CLOSE_CMD?FUNCTION
            CODE    1EF0H     0004H     UNIT         ?PR?PUSHA_OPEN_CMD?FUNCTION
            CODE    1EF4H     0004H     UNIT         ?PR?PUSHC_OPEN_CMD?FUNCTION
BL51 BANKED LINKER/LOCATER V6.22.2.0                                                  04/23/2019  19:23:19  PAGE 4


            CODE    1EF8H     0004H     UNIT         ?PR?PUSHC_CLOSE_CMD?FUNCTION
            CODE    1EFCH     0004H     UNIT         ?PR?PUSH_RESET_CMD?FUNCTION
            CODE    1F00H     0003H     UNIT         ?PR?TIMER2INT?INIT
            CODE    1F03H     0003H     UNIT         ?PR?GETCSFUNCTION?S_TOUCHKEYCFG
            CODE    1F06H     0003H     UNIT         ?PR?TOUCHKEYRESTART?SENSORMETHOD
            CODE    1F09H     0003H     UNIT         ?PR?GETISNEEDUPDATEBASELINE?SENSORMETHOD
            CODE    1F0CH     0003H     UNIT         ?PR?SETNEEDUPDATEBASELINE?SENSORMETHOD



OVERLAY MAP OF MODULE:   .\obj\B26_ALL_2018.02.03 (?C_STARTUP)


SEGMENT                                             BIT_GROUP          DATA_GROUP          XDATA_GROUP
  +--> CALLED SEGMENT                            START    LENGTH     START    LENGTH     START    LENGTH
--------------------------------------------------------------------------------------------------------
?C_C51STARTUP                                    -----    -----      -----    -----      -----    -----
  +--> ?PR?MAIN?MAIN
  +--> ?C_INITSEG

?PR?MAIN?MAIN                                    -----    -----      -----    -----      -----    -----
  +--> ?PR?SYSTEM_INIT?SYSTEM
  +--> ?PR?SYSTEM_HANDLE?SYSTEM

?PR?SYSTEM_INIT?SYSTEM                           -----    -----      -----    -----      -----    -----
  +--> ?PR?TIMEOUTDET_INIT?TIMEOUT
  +--> ?PR?_UART_INIT?UART
  +--> ?PR?_UART1_INIT?UART
  +--> ?PR?GPIO_INIT?INIT
  +--> ?PR?TIMER0_INIT?INIT
  +--> ?PR?TOUCHKEYINIT?SENSORMETHOD

?PR?_UART_INIT?UART                              -----    -----      0021H    0003H      -----    -----

?PR?_UART1_INIT?UART                             -----    -----      0021H    0005H      -----    -----

?PR?TOUCHKEYINIT?SENSORMETHOD                    -----    -----      -----    -----      -----    -----
  +--> ?PR?TOUCHKEYCFGINIT?S_TOUCHKEYCFG
  +--> ?PR?_GETCFGMSG?S_TOUCHKEYCFG
  +--> ?PR?_GETSCANTIMEVALUE?S_TOUCHKEYCFG
  +--> ?PR?SENSORMETHOD
  +--> ?PR?INITIALIZESENSORFLAG?SENSORMETHOD
  +--> ?PR?FILTERAVERGEDEAL?SENSORMETHOD
  +--> ?PR?INITIALIZEBASELINES?SENSORMETHOD

?PR?TOUCHKEYCFGINIT?S_TOUCHKEYCFG                -----    -----      0021H    0001H      -----    -----
  +--> ?CO?S_TOUCHKEYCFG
  +--> ?PR?CURRENTSENSORCHOOSE?S_TOUCHKEYCFG
  +--> ?PR?BTM_INIT?S_TOUCHKEYCFG

?PR?CURRENTSENSORCHOOSE?S_TOUCHKEYCFG            -----    -----      0022H    0007H      -----    -----

?PR?_GETCFGMSG?S_TOUCHKEYCFG                     -----    -----      0039H    0001H      -----    -----
  +--> ?CO?S_TOUCHKEYCFG

?PR?_GETSCANTIMEVALUE?S_TOUCHKEYCFG              -----    -----      0039H    0001H      -----    -----
  +--> ?CO?S_TOUCHKEYCFG
BL51 BANKED LINKER/LOCATER V6.22.2.0                                                  04/23/2019  19:23:19  PAGE 5



?PR?INITIALIZESENSORFLAG?SENSORMETHOD            -----    -----      -----    -----      -----    -----
  +--> ?PR?SENSORMETHOD

?PR?FILTERAVERGEDEAL?SENSORMETHOD                -----    -----      0021H    0002H      -----    -----
  +--> ?PR?FILTERCOMMCODE?SENSORMETHOD
  +--> ?PR?SENSORMETHOD
  +--> ?PR?_ICHAADJUST?SENSORMETHOD
  +--> ?PR?FILTERIIRINIT?SENSORMETHOD
  +--> ?PR?GETINITAUTOUPDATETIME?S_TOUCHKEYCFG
  +--> ?PR?_FILTERDATADEAL?SENSORMETHOD

?PR?FILTERCOMMCODE?SENSORMETHOD                  -----    -----      -----    -----      -----    -----
  +--> ?PR?_USDELAY?SENSORMETHOD

?PR?_ICHAADJUST?SENSORMETHOD                     -----    -----      0023H    0001H      0089H    0001H
  +--> ?PR?_GETBASELINEADJUSTVALUE?S_TOUCHKE...
  +--> ?PR?_GETSCANTIMEVALUE?S_TOUCHKEYCFG
  +--> ?PR?SENSORMETHOD

?PR?_GETBASELINEADJUSTVALUE?S_TOUCHKE...         -----    -----      0039H    0001H      -----    -----

?PR?FILTERIIRINIT?SENSORMETHOD                   -----    -----      -----    -----      -----    -----
  +--> ?PR?SENSORMETHOD

?PR?GETINITAUTOUPDATETIME?S_TOUCHKEYCFG          -----    -----      -----    -----      -----    -----
  +--> ?CO?S_TOUCHKEYCFG

?PR?_FILTERDATADEAL?SENSORMETHOD                 -----    -----      002DH    0003H      -----    -----
  +--> ?PR?SENSORMETHOD
  +--> ?PR?_GETCURRFINGERVALUE?S_TOUCHKEYCFG

?PR?_GETCURRFINGERVALUE?S_TOUCHKEYCFG            -----    -----      0038H    0001H      -----    -----
  +--> ?CO?S_TOUCHKEYCFG

?PR?INITIALIZEBASELINES?SENSORMETHOD             -----    -----      -----    -----      -----    -----
  +--> ?PR?SENSORMETHOD

?PR?SYSTEM_HANDLE?SYSTEM                         -----    -----      -----    -----      -----    -----
  +--> ?PR?KEY_SCANF?KEY
  +--> ?PR?_TIMEOUTDET_CHECK?TIMEOUT
  +--> ?PR?_TIMEOUT_RECORD?TIMEOUT
  +--> ?PR?_UART1_PROTOCOLSEND?UART
  +--> ?PR?_UART2_PROTOCOLSEND?UART

?PR?KEY_SCANF?KEY                                -----    -----      -----    -----      -----    -----
  +--> ?PR?TOUCHKEYSCAN?S_TOUCHKEYCFG
  +--> ?PR?TOUCHKEYRESTART?SENSORMETHOD
  +--> ?PR?KEY_HANDLE?KEY

?PR?TOUCHKEYSCAN?S_TOUCHKEYCFG                   -----    -----      0021H    000AH      -----    -----
  +--> ?PR?GETISNEEDUPDATEBASELINE?SENSORMETHOD
  +--> ?PR?SENSORKEYFLAG?SENSORMETHOD
  +--> ?PR?SETNEEDUPDATEBASELINE?SENSORMETHOD
  +--> ?PR?ISDOUBLEKEYORSLIDEKEY?S_TOUCHKEYCFG
  +--> ?PR?SETONEKEYPUSHRESETTIME?S_TOUCHKEYCFG
  +--> ?CO?S_TOUCHKEYCFG
BL51 BANKED LINKER/LOCATER V6.22.2.0                                                  04/23/2019  19:23:19  PAGE 6


  +--> ?PR?_MULTIPLEDEAL?SENSORMETHOD
  +--> ?PR?_FILTERDATADEAL?SENSORMETHOD

?PR?SENSORKEYFLAG?SENSORMETHOD                   -----    -----      002BH    0001H      -----    -----
  +--> ?PR?_FILTERDATADEAL?SENSORMETHOD
  +--> ?PR?_SENSORRENOVATE?SENSORMETHOD

?PR?_SENSORRENOVATE?SENSORMETHOD                 -----    -----      002CH    0009H      -----    -----
  +--> ?PR?SENSORMETHOD
  +--> ?PR?_GETCURRFINGERVALUE?S_TOUCHKEYCFG
  +--> ?PR?GETCSFUNCTION?S_TOUCHKEYCFG
  +--> ?PR?ISDOUBLEKEYORSLIDEKEY?S_TOUCHKEYCFG
  +--> ?PR?GETTKYZCNT?S_TOUCHKEYCFG
  +--> ?PR?_GETTKYZTHRESHOLD?S_TOUCHKEYCFG
  +--> ?PR?GETBASELINEUPDATETHRESHOLD?S_TOUC...
  +--> ?PR?GETUPCONFIRMCNT?S_TOUCHKEYCFG

?PR?ISDOUBLEKEYORSLIDEKEY?S_TOUCHKEYCFG          -----    -----      -----    -----      -----    -----
  +--> ?CO?S_TOUCHKEYCFG

?PR?_GETTKYZTHRESHOLD?S_TOUCHKEYCFG              -----    -----      0035H    0003H      -----    -----
  +--> ?PR?_GETCURRFINGERVALUE?S_TOUCHKEYCFG

?PR?GETBASELINEUPDATETHRESHOLD?S_TOUC...         -----    -----      -----    -----      -----    -----
  +--> ?CO?S_TOUCHKEYCFG

?PR?SETONEKEYPUSHRESETTIME?S_TOUCHKEYCFG         -----    -----      -----    -----      -----    -----
  +--> ?CO?S_TOUCHKEYCFG

?PR?_MULTIPLEDEAL?SENSORMETHOD                   -----    -----      002BH    0002H      -----    -----
  +--> ?PR?SENSORMETHOD
  +--> ?PR?INITIALIZESENSORFLAG?SENSORMETHOD
  +--> ?PR?FILTERIIRINIT?SENSORMETHOD
  +--> ?PR?_FILTERDATADEAL?SENSORMETHOD
  +--> ?PR?INITIALIZEBASELINES?SENSORMETHOD

?PR?KEY_HANDLE?KEY                               -----    -----      -----    -----      -----    -----
  +--> ?PR?FOOT_LED_CMD?FUNCTION
  +--> ?PR?CUP_OPEN_CMD?FUNCTION
  +--> ?PR?PUSHB_OPEN_CMD?FUNCTION
  +--> ?PR?PUSH_RESET_CMD?FUNCTION
  +--> ?PR?PUSHA_OPEN_CMD?FUNCTION
  +--> ?PR?PUSHA_CLOSE_CMD?FUNCTION
  +--> ?PR?PUSHB_CLOSE_CMD?FUNCTION
  +--> ?PR?PUSHC_OPEN_CMD?FUNCTION
  +--> ?PR?PUSHC_CLOSE_CMD?FUNCTION
  +--> ?PR?REVDATA_IF?UART

?PR?_TIMEOUTDET_CHECK?TIMEOUT                    -----    -----      0021H    0003H      -----    -----

?PR?_TIMEOUT_RECORD?TIMEOUT                      -----    -----      0021H    0007H      -----    -----
  +--> ?PR?TIMEOUT_BASEVALUE?TIMEOUT

?PR?_UART1_PROTOCOLSEND?UART                     -----    -----      0021H    000BH      -----    -----
  +--> ?PR?_UART1_SENDDATA?UART

?PR?_UART1_SENDDATA?UART                         -----    -----      002CH    0003H      -----    -----
BL51 BANKED LINKER/LOCATER V6.22.2.0                                                  04/23/2019  19:23:19  PAGE 7


  +--> ?PR?_UART_TX_BYTE?UART

?PR?_UART_TX_BYTE?UART                           -----    -----      002FH    0001H      -----    -----

?PR?_UART2_PROTOCOLSEND?UART                     -----    -----      0021H    000BH      -----    -----
  +--> ?PR?_UART2_SENDDATA?UART

?PR?_UART2_SENDDATA?UART                         -----    -----      002CH    0003H      -----    -----
  +--> ?PR?_UART1_TX_BYTE?UART

?PR?_UART1_TX_BYTE?UART                          -----    -----      002FH    0001H      -----    -----

*** NEW ROOT ***************************************************

?PR?TIMER0?INIT                                  -----    -----      -----    -----      -----    -----
  +--> ?PR?TIMEOUTDET_DECHANDLE?TIMEOUT

*** NEW ROOT ***************************************************

?PR?UART1_INT?UART                               -----    -----      -----    -----      -----    -----
  +--> ?PR?REVDATA_HANDLE?UART

?PR?REVDATA_HANDLE?UART                          -----    -----      -----    -----      -----    -----
  +--> ?PR?REV_DATA?UART

*** NEW ROOT ***************************************************

?PR?CTK_ISR?SENSORMETHOD                         0020H.6  0000H.1    -----    -----      -----    -----
  +--> ?PR?SENSORMETHOD
  +--> ?PR?_GETCFGMSG?S_TOUCHKEYCFG
  +--> ?PR?_GETSCANTIMEVALUE?S_TOUCHKEYCFG
  +--> ?PR?_GETBASELINEADJUSTVALUE?S_TOUCHKE...



SYMBOL TABLE OF MODULE:  .\obj\B26_ALL_2018.02.03 (?C_STARTUP)

  VALUE           TYPE          NAME
  ----------------------------------

  -------         MODULE        ?C_STARTUP
  C:1498H         SEGMENT       ?C_C51STARTUP
  I:0082H         SEGMENT       ?STACK
  C:0000H         PUBLIC        ?C_STARTUP
  D:00E0H         SYMBOL        ACC
  D:00F0H         SYMBOL        B
  D:0083H         SYMBOL        DPH
  D:0082H         SYMBOL        DPL
  N:0000H         SYMBOL        IBPSTACK
  N:0100H         SYMBOL        IBPSTACKTOP
  N:0100H         SYMBOL        IDATALEN
  C:149BH         SYMBOL        IDATALOOP
  N:0000H         SYMBOL        PBPSTACK
  N:0100H         SYMBOL        PBPSTACKTOP
  N:0000H         SYMBOL        PDATALEN
  N:0000H         SYMBOL        PDATASTART
  N:0000H         SYMBOL        PPAGE
BL51 BANKED LINKER/LOCATER V6.22.2.0                                                  04/23/2019  19:23:19  PAGE 8


  N:0000H         SYMBOL        PPAGEENABLE
  D:00A0H         SYMBOL        PPAGE_SFR
  D:0081H         SYMBOL        SP
  C:1498H         SYMBOL        STARTUP1
  N:0000H         SYMBOL        XBPSTACK
  N:0000H         SYMBOL        XBPSTACKTOP
  N:0400H         SYMBOL        XDATALEN
  C:14A6H         SYMBOL        XDATALOOP
  N:0000H         SYMBOL        XDATASTART
  C:0000H         LINE#         126
  C:1498H         LINE#         133
  C:149AH         LINE#         134
  C:149BH         LINE#         135
  C:149CH         LINE#         136
  C:149EH         LINE#         140
  C:14A1H         LINE#         141
  C:14A3H         LINE#         145
  C:14A5H         LINE#         147
  C:14A6H         LINE#         148
  C:14A7H         LINE#         149
  C:14A8H         LINE#         150
  C:14AAH         LINE#         151
  C:14ACH         LINE#         185
  C:14AFH         LINE#         196
  -------         ENDMOD        ?C_STARTUP

  -------         MODULE        MAIN
  C:0000H         SYMBOL        _ICE_DUMMY_
  D:0080H         PUBLIC        P0
  D:0090H         PUBLIC        P1
  D:00A0H         PUBLIC        P2
  D:00D8H         PUBLIC        P5
  D:00A8H         PUBLIC        IE
  C:0009H         PUBLIC        Customer_IntoLowPowerMode_Init
  D:00B8H         PUBLIC        IP
  C:000AH         PUBLIC        Customer_QuitLowPowerMode_Init
  C:1EC9H         PUBLIC        main
  D:0098H         PUBLIC        SCON
  D:0088H         PUBLIC        TCON
  C:003AH         PUBLIC        Customer_BTM_Dispose
  D:00C8H         PUBLIC        T2CON
  D:00D0H         PUBLIC        PSW
  -------         PROC          CUSTOMER_INTOLOWPOWERMODE_INIT
  C:0009H         LINE#         9
  C:0009H         LINE#         10
  C:0009H         LINE#         13
  -------         ENDPROC       CUSTOMER_INTOLOWPOWERMODE_INIT
  -------         PROC          CUSTOMER_QUITLOWPOWERMODE_INIT
  C:000AH         LINE#         20
  C:000AH         LINE#         21
  C:000AH         LINE#         23
  -------         ENDPROC       CUSTOMER_QUITLOWPOWERMODE_INIT
  -------         PROC          CUSTOMER_BTM_DISPOSE
  C:003AH         LINE#         25
  C:003AH         LINE#         26
  C:003AH         LINE#         28
  -------         ENDPROC       CUSTOMER_BTM_DISPOSE
BL51 BANKED LINKER/LOCATER V6.22.2.0                                                  04/23/2019  19:23:19  PAGE 9


  -------         PROC          MAIN
  C:1EC9H         LINE#         36
  C:1EC9H         LINE#         37
  C:1EC9H         LINE#         38
  C:1ECCH         LINE#         39
  C:1ECCH         LINE#         40
  C:1ECCH         LINE#         41
  C:1ECFH         LINE#         42
  -------         ENDPROC       MAIN
  -------         ENDMOD        MAIN

  -------         MODULE        SYSTEM
  C:0000H         SYMBOL        _ICE_DUMMY_
  C:1BE4H         PUBLIC        System_Init
  D:0080H         PUBLIC        P0
  D:0090H         PUBLIC        P1
  D:00A0H         PUBLIC        P2
  D:00D8H         PUBLIC        P5
  B:00A8H.7       PUBLIC        EA
  D:00A8H         PUBLIC        IE
  D:00B8H         PUBLIC        IP
  D:003AH         PUBLIC        TestFlag
  D:003BH         PUBLIC        TX_DATA
  D:003CH         PUBLIC        TimeOut_Para
  D:0098H         PUBLIC        SCON
  D:0088H         PUBLIC        TCON
  C:1B08H         PUBLIC        System_Handle
  D:00CFH         PUBLIC        WDTCON
  D:004CH         PUBLIC        TX1_DATA
  D:00C8H         PUBLIC        T2CON
  D:00D0H         PUBLIC        PSW
  -------         PROC          SYSTEM_INIT
  C:1BE4H         LINE#         16
  C:1BE4H         LINE#         17
  C:1BE4H         LINE#         18
  C:1BE7H         LINE#         19
  C:1BF0H         LINE#         20
  C:1C01H         LINE#         21
  C:1C04H         LINE#         22
  C:1C07H         LINE#         23
  C:1C0AH         LINE#         24
  C:1C0DH         LINE#         25
  C:1C10H         LINE#         26
  C:1C13H         LINE#         27
  C:1C15H         LINE#         28
  -------         ENDPROC       SYSTEM_INIT
  -------         PROC          SYSTEM_HANDLE
  C:1B08H         LINE#         36
  C:1B08H         LINE#         37
  C:1B08H         LINE#         38
  C:1B0BH         LINE#         40
  C:1B0EH         LINE#         41
  C:1B1DH         LINE#         42
  C:1B1DH         LINE#         43
  C:1B2EH         LINE#         44
  C:1B3BH         LINE#         45
  C:1B46H         LINE#         46
BL51 BANKED LINKER/LOCATER V6.22.2.0                                                  04/23/2019  19:23:19  PAGE 10


  C:1B46H         LINE#         53
  -------         ENDPROC       SYSTEM_HANDLE
  -------         ENDMOD        SYSTEM

  -------         MODULE        FUNCTION
  C:0000H         SYMBOL        _ICE_DUMMY_
  C:1EFCH         PUBLIC        Push_Reset_Cmd
  D:0080H         PUBLIC        P0
  D:0090H         PUBLIC        P1
  D:00A0H         PUBLIC        P2
  D:00D8H         PUBLIC        P5
  C:1C79H         PUBLIC        Foot_Led_Cmd
  D:00A8H         PUBLIC        IE
  D:0008H         SYMBOL        MOTRO_FLAG
  C:1AC8H         PUBLIC        Cup_Open_Cmd
  D:00B8H         PUBLIC        IP
  C:1EECH         PUBLIC        PushA_Close_Cmd
  C:1EE8H         PUBLIC        PushB_Close_Cmd
  D:0098H         PUBLIC        SCON
  C:1EF8H         PUBLIC        PushC_Close_Cmd
  D:0088H         PUBLIC        TCON
  D:0009H         PUBLIC        down_flag
  D:000AH         PUBLIC        auto_close_heat
  D:000BH         PUBLIC        heat_red_flag
  D:000CH         PUBLIC        rev_flag
  D:000DH         PUBLIC        auto_close_mass
  D:000EH         PUBLIC        MyKey_Buf_Data
  C:1EF0H         PUBLIC        PushA_Open_Cmd
  C:1EE4H         PUBLIC        PushB_Open_Cmd
  C:1EF4H         PUBLIC        PushC_Open_Cmd
  D:0012H         PUBLIC        key_press
  D:0013H         PUBLIC        auto_close_heat_cnt
  D:0015H         PUBLIC        up_flag
  D:00C8H         PUBLIC        T2CON
  D:0016H         PUBLIC        motro_count0
  D:0018H         PUBLIC        motro_count1
  D:001AH         PUBLIC        auto_close_mass_cnt
  D:001CH         PUBLIC        u16TimeLock
  D:00D0H         PUBLIC        PSW
  -------         PROC          FOOT_LED_CMD
  C:1C79H         LINE#         38
  C:1C79H         LINE#         39
  C:1C79H         LINE#         40
  C:1C83H         LINE#         41
  C:1C83H         LINE#         42
  C:1C86H         LINE#         43
  C:1C89H         LINE#         44
  C:1C8FH         LINE#         45
  C:1C90H         LINE#         46
  C:1C9AH         LINE#         47
  C:1C9AH         LINE#         48
  C:1C9DH         LINE#         49
  C:1CA0H         LINE#         50
  C:1CA6H         LINE#         51
  C:1CA6H         LINE#         52
  -------         ENDPROC       FOOT_LED_CMD
  -------         PROC          CUP_OPEN_CMD
BL51 BANKED LINKER/LOCATER V6.22.2.0                                                  04/23/2019  19:23:19  PAGE 11


  C:1AC8H         LINE#         54
  C:1AC8H         LINE#         55
  C:1AC8H         LINE#         56
  C:1AD0H         LINE#         57
  C:1AD0H         LINE#         58
  C:1AD3H         LINE#         59
  C:1AD6H         LINE#         60
  C:1AD9H         LINE#         61
  C:1ADFH         LINE#         62
  C:1AE5H         LINE#         63
  C:1AE8H         LINE#         64
  C:1AEBH         LINE#         65
  C:1AECH         LINE#         67
  C:1AECH         LINE#         68
  C:1AEFH         LINE#         69
  C:1AF2H         LINE#         70
  C:1AF5H         LINE#         71
  C:1AFBH         LINE#         72
  C:1B01H         LINE#         73
  C:1B04H         LINE#         74
  C:1B07H         LINE#         75
  C:1B07H         LINE#         76
  -------         ENDPROC       CUP_OPEN_CMD
  -------         PROC          PUSHB_OPEN_CMD
  C:1EE4H         LINE#         78
  C:1EE4H         LINE#         79
  C:1EE4H         LINE#         80
  C:1EE7H         LINE#         81
  -------         ENDPROC       PUSHB_OPEN_CMD
  -------         PROC          PUSHB_CLOSE_CMD
  C:1EE8H         LINE#         83
  C:1EE8H         LINE#         84
  C:1EE8H         LINE#         85
  C:1EEBH         LINE#         86
  -------         ENDPROC       PUSHB_CLOSE_CMD
  -------         PROC          PUSHA_CLOSE_CMD
  C:1EECH         LINE#         88
  C:1EECH         LINE#         89
  C:1EECH         LINE#         90
  C:1EEFH         LINE#         91
  -------         ENDPROC       PUSHA_CLOSE_CMD
  -------         PROC          PUSHA_OPEN_CMD
  C:1EF0H         LINE#         93
  C:1EF0H         LINE#         94
  C:1EF0H         LINE#         95
  C:1EF3H         LINE#         96
  -------         ENDPROC       PUSHA_OPEN_CMD
  -------         PROC          PUSHC_OPEN_CMD
  C:1EF4H         LINE#         98
  C:1EF4H         LINE#         99
  C:1EF4H         LINE#         100
  C:1EF7H         LINE#         101
  -------         ENDPROC       PUSHC_OPEN_CMD
  -------         PROC          PUSHC_CLOSE_CMD
  C:1EF8H         LINE#         103
  C:1EF8H         LINE#         104
  C:1EF8H         LINE#         105
BL51 BANKED LINKER/LOCATER V6.22.2.0                                                  04/23/2019  19:23:19  PAGE 12


  C:1EFBH         LINE#         106
  -------         ENDPROC       PUSHC_CLOSE_CMD
  -------         PROC          PUSH_RESET_CMD
  C:1EFCH         LINE#         108
  C:1EFCH         LINE#         109
  C:1EFCH         LINE#         110
  C:1EFFH         LINE#         111
  -------         ENDPROC       PUSH_RESET_CMD
  -------         ENDMOD        FUNCTION

  -------         MODULE        INIT
  C:0000H         SYMBOL        _ICE_DUMMY_
  D:0080H         PUBLIC        P0
  D:0090H         PUBLIC        P1
  D:00A0H         PUBLIC        P2
  D:008EH         PUBLIC        TMCON
  D:00D8H         PUBLIC        P5
  D:00A8H         PUBLIC        IE
  D:00B8H         PUBLIC        IP
  D:006DH         PUBLIC        count_250us_time
  D:006EH         PUBLIC        count_level
  D:006FH         PUBLIC        lock
  C:1E24H         PUBLIC        Timer0_Init
  B:0080H.0       PUBLIC        P00
  D:0070H         PUBLIC        count_1ms_time
  B:0080H.1       PUBLIC        P01
  B:0080H.2       PUBLIC        P02
  D:0098H         PUBLIC        SCON
  D:0088H         PUBLIC        TCON
  D:0089H         PUBLIC        TMOD
  B:00A0H.5       PUBLIC        P25
  C:1E59H         PUBLIC        GPIO_INIT
  B:00A8H.1       PUBLIC        ET0
  B:00C8H.7       PUBLIC        TF2
  D:008CH         PUBLIC        TH0
  D:008AH         PUBLIC        TL0
  C:0C38H         PUBLIC        timer0
  C:004AH         PUBLIC        timer1
  B:0088H.4       PUBLIC        TR0
  D:009AH         PUBLIC        P0CON
  C:1F00H         PUBLIC        Timer2Int
  D:00A1H         PUBLIC        P2CON
  D:00C8H         PUBLIC        T2CON
  D:00D0H         PUBLIC        PSW
  -------         PROC          GPIO_INIT
  C:1E59H         LINE#         24
  C:1E59H         LINE#         25
  C:1E59H         LINE#         26
  C:1E5CH         LINE#         27
  C:1E5FH         LINE#         29
  C:1E61H         LINE#         30
  C:1E63H         LINE#         31
  C:1E65H         LINE#         32
  C:1E67H         LINE#         33
  -------         ENDPROC       GPIO_INIT
  -------         PROC          TIMER0_INIT
  C:1E24H         LINE#         35
BL51 BANKED LINKER/LOCATER V6.22.2.0                                                  04/23/2019  19:23:19  PAGE 13


  C:1E24H         LINE#         36
  C:1E24H         LINE#         38
  C:1E27H         LINE#         41
  C:1E2AH         LINE#         42
  C:1E2DH         LINE#         43
  C:1E30H         LINE#         44
  C:1E32H         LINE#         45
  C:1E34H         LINE#         46
  C:1E36H         LINE#         47
  -------         ENDPROC       TIMER0_INIT
  -------         PROC          TIMER0
  C:0C38H         LINE#         50
  C:0C55H         LINE#         52
  C:0C58H         LINE#         53
  C:0C5BH         LINE#         55
  C:0C5EH         LINE#         56
  C:0C60H         LINE#         57
  C:0C6FH         LINE#         58
  C:0C6FH         LINE#         59
  C:0C72H         LINE#         60
  C:0C72H         LINE#         61
  C:0C79H         LINE#         62
  C:0C79H         LINE#         63
  C:0C7BH         LINE#         64
  C:0C7DH         LINE#         66
  C:0C7DH         LINE#         67
  C:0C7FH         LINE#         68
  C:0C7FH         LINE#         70
  C:0C9FH         LINE#         71
  C:0C9FH         LINE#         72
  C:0CABH         LINE#         73
  C:0CB6H         LINE#         74
  C:0CB6H         LINE#         75
  C:0CBEH         LINE#         76
  C:0CC0H         LINE#         78
  C:0CC0H         LINE#         79
  C:0CC6H         LINE#         80
  C:0CC8H         LINE#         81
  C:0CCBH         LINE#         82
  C:0CCBH         LINE#         83
  C:0CCDH         LINE#         84
  C:0CEBH         LINE#         85
  C:0CEBH         LINE#         86
  C:0CF7H         LINE#         87
  C:0D02H         LINE#         88
  C:0D02H         LINE#         89
  C:0D0AH         LINE#         90
  C:0D0CH         LINE#         92
  C:0D0CH         LINE#         93
  C:0D12H         LINE#         94
  C:0D14H         LINE#         95
  C:0D17H         LINE#         96
  C:0D17H         LINE#         97
  C:0D17H         LINE#         100
  C:0D1BH         LINE#         101
  C:0D1BH         LINE#         102
  C:0D23H         LINE#         103
BL51 BANKED LINKER/LOCATER V6.22.2.0                                                  04/23/2019  19:23:19  PAGE 14


  C:0D2EH         LINE#         104
  C:0D2EH         LINE#         105
  C:0D34H         LINE#         106
  C:0D37H         LINE#         107
  C:0D3AH         LINE#         108
  C:0D3DH         LINE#         109
  C:0D3DH         LINE#         110
  C:0D3DH         LINE#         111
  C:0D41H         LINE#         112
  C:0D41H         LINE#         113
  C:0D49H         LINE#         114
  C:0D54H         LINE#         115
  C:0D54H         LINE#         116
  C:0D5AH         LINE#         117
  C:0D5DH         LINE#         118
  C:0D60H         LINE#         119
  C:0D63H         LINE#         120
  C:0D63H         LINE#         121
  C:0D63H         LINE#         122
  C:0D67H         LINE#         123
  C:0D67H         LINE#         124
  C:0D7CH         LINE#         125
  C:0D7CH         LINE#         126
  C:0D82H         LINE#         127
  C:0D85H         LINE#         129
  C:0D88H         LINE#         131
  C:0D88H         LINE#         132
  C:0D88H         LINE#         133
  C:0D8CH         LINE#         134
  C:0D8CH         LINE#         135
  C:0DA1H         LINE#         136
  C:0DA1H         LINE#         137
  C:0DA7H         LINE#         138
  C:0DAAH         LINE#         140
  C:0DACH         LINE#         141
  C:0DAFH         LINE#         142
  C:0DAFH         LINE#         143
  C:0DAFH         LINE#         145
  -------         ENDPROC       TIMER0
  -------         PROC          TIMER2INT
  C:1F00H         LINE#         148
  C:1F00H         LINE#         150
  C:1F02H         LINE#         152
  -------         ENDPROC       TIMER2INT
  -------         PROC          TIMER1
  C:004AH         LINE#         153
  C:004AH         LINE#         156
  -------         ENDPROC       TIMER1
  -------         ENDMOD        INIT

  -------         MODULE        KEY
  C:0000H         SYMBOL        _ICE_DUMMY_
  D:0080H         PUBLIC        P0
  D:0090H         PUBLIC        P1
  D:00A0H         PUBLIC        P2
  D:00D8H         PUBLIC        P5
  D:00A8H         PUBLIC        IE
BL51 BANKED LINKER/LOCATER V6.22.2.0                                                  04/23/2019  19:23:19  PAGE 15


  D:00B8H         PUBLIC        IP
  D:0098H         PUBLIC        SCON
  D:0088H         PUBLIC        TCON
  D:0065H         PUBLIC        RevGetData
  D:00CFH         PUBLIC        WDTCON
  C:0A0DH         SYMBOL        Key_Handle
  D:00C8H         PUBLIC        T2CON
  D:0069H         PUBLIC        get_key_data
  C:1CD5H         PUBLIC        Key_Scanf
  D:00D0H         PUBLIC        PSW
  -------         PROC          KEY_HANDLE
  C:0A0DH         LINE#         24
  C:0A0DH         LINE#         25
  C:0A0DH         LINE#         26
  C:0A26H         LINE#         27
  C:0A26H         LINE#         28
  C:0A36H         LINE#         29
  C:0A50H         LINE#         30
  C:0A50H         LINE#         31
  C:0A57H         LINE#         32
  C:0A57H         LINE#         33
  C:0A5AH         LINE#         34
  C:0A5DH         LINE#         35
  C:0A5DH         LINE#         36
  C:0A60H         LINE#         37
  C:0A7AH         LINE#         38
  C:0A7AH         LINE#         39
  C:0A81H         LINE#         40
  C:0A81H         LINE#         41
  C:0A84H         LINE#         42
  C:0A87H         LINE#         43
  C:0A87H         LINE#         44
  C:0A8AH         LINE#         45
  C:0AA4H         LINE#         46
  C:0AA4H         LINE#         47
  C:0AABH         LINE#         48
  C:0AABH         LINE#         49
  C:0AAEH         LINE#         50
  C:0AB1H         LINE#         51
  C:0AB1H         LINE#         52
  C:0AB4H         LINE#         53
  C:0ACEH         LINE#         54
  C:0ACEH         LINE#         55
  C:0AD5H         LINE#         56
  C:0AD5H         LINE#         57
  C:0AD8H         LINE#         58
  C:0ADBH         LINE#         59
  C:0ADBH         LINE#         60
  C:0ADEH         LINE#         61
  C:0AF4H         LINE#         62
  C:0AF4H         LINE#         63
  C:0AFBH         LINE#         64
  C:0AFBH         LINE#         65
  C:0AFEH         LINE#         66
  C:0AFEH         LINE#         67
  C:0B01H         LINE#         68
  C:0B1BH         LINE#         69
BL51 BANKED LINKER/LOCATER V6.22.2.0                                                  04/23/2019  19:23:19  PAGE 16


  C:0B1BH         LINE#         70
  C:0B22H         LINE#         71
  C:0B22H         LINE#         72
  C:0B25H         LINE#         73
  C:0B28H         LINE#         74
  C:0B28H         LINE#         76
  C:0B2BH         LINE#         77
  C:0B45H         LINE#         78
  C:0B45H         LINE#         79
  C:0B4CH         LINE#         80
  C:0B4CH         LINE#         81
  C:0B4FH         LINE#         82
  C:0B52H         LINE#         83
  C:0B52H         LINE#         85
  C:0B55H         LINE#         86
  C:0B6FH         LINE#         87
  C:0B6FH         LINE#         88
  C:0B73H         LINE#         89
  C:0B73H         LINE#         90
  C:0B76H         LINE#         91
  C:0B79H         LINE#         92
  C:0B79H         LINE#         94
  C:0B7BH         LINE#         95
  C:0B95H         LINE#         96
  C:0B95H         LINE#         97
  C:0B99H         LINE#         98
  C:0B99H         LINE#         99
  C:0B9CH         LINE#         100
  C:0B9FH         LINE#         101
  C:0B9FH         LINE#         103
  C:0BA1H         LINE#         104
  C:0BBBH         LINE#         105
  C:0BBBH         LINE#         106
  C:0BBFH         LINE#         107
  C:0BBFH         LINE#         108
  C:0BC2H         LINE#         109
  C:0BC5H         LINE#         110
  C:0BC5H         LINE#         111
  C:0BC5H         LINE#         112
  C:0BC7H         LINE#         114
  C:0BC7H         LINE#         115
  C:0BCBH         LINE#         116
  C:0BCBH         LINE#         117
  C:0BCEH         LINE#         118
  C:0BD1H         LINE#         119
  C:0BD7H         LINE#         120
  C:0BD7H         LINE#         121
  C:0BD7H         LINE#         123
  C:0BDDH         LINE#         124
  C:0BDDH         LINE#         125
  C:0BFAH         LINE#         126
  C:0C09H         LINE#         127
  C:0C24H         LINE#         128
  C:0C24H         LINE#         129
  C:0C24H         LINE#         130
  C:0C27H         LINE#         131
  C:0C2AH         LINE#         132
BL51 BANKED LINKER/LOCATER V6.22.2.0                                                  04/23/2019  19:23:19  PAGE 17


  C:0C2DH         LINE#         133
  C:0C2EH         LINE#         134
  C:0C2EH         LINE#         135
  C:0C31H         LINE#         136
  C:0C34H         LINE#         137
  C:0C37H         LINE#         138
  C:0C37H         LINE#         139
  C:0C37H         LINE#         140
  C:0C37H         LINE#         141
  C:0C37H         LINE#         142
  C:0C37H         LINE#         144
  -------         ENDPROC       KEY_HANDLE
  -------         PROC          KEY_SCANF
  C:1CD5H         LINE#         152
  C:1CD5H         LINE#         153
  C:1CD5H         LINE#         154
  C:1CD8H         LINE#         155
  C:1CE1H         LINE#         156
  C:1CE1H         LINE#         157
  C:1CEFH         LINE#         158
  C:1CFAH         LINE#         159
  C:1CFDH         LINE#         160
  C:1CFDH         LINE#         161
  C:1D00H         LINE#         162
  -------         ENDPROC       KEY_SCANF
  -------         ENDMOD        KEY

  -------         MODULE        UART
  C:0000H         SYMBOL        _ICE_DUMMY_
  D:0080H         PUBLIC        P0
  D:009FH         PUBLIC        SSDAT
  D:0090H         PUBLIC        P1
  D:00A0H         PUBLIC        P2
  B:00A8H.4       PUBLIC        EUART
  D:008EH         PUBLIC        TMCON
  D:008FH         PUBLIC        OTCON
  D:00D8H         PUBLIC        P5
  B:00A8H.7       PUBLIC        EA
  C:0003H         PUBLIC        Rev_Data
  D:00A8H         PUBLIC        IE
  D:0050H         PUBLIC        Uart1ReceiveFlag
  C:195CH         PUBLIC        _Uart1_ProtocolSend
  C:19A8H         PUBLIC        _Uart2_ProtocolSend
  D:00B8H         PUBLIC        IP
  D:0092H         PUBLIC        P1PH
  D:00A2H         PUBLIC        P2PH
  B:0098H.1       PUBLIC        TI
  D:0051H         PUBLIC        RevString
  D:0058H         PUBLIC        RevData
  D:0099H         PUBLIC        SBUF
  D:0087H         PUBLIC        PCON
  D:0098H         PUBLIC        SCON
  D:0088H         PUBLIC        TCON
  D:0089H         PUBLIC        TMOD
  D:009DH         PUBLIC        SSCON0
  C:1B7EH         SYMBOL        _Uart1_SendData
  D:009EH         PUBLIC        SSCON1
BL51 BANKED LINKER/LOCATER V6.22.2.0                                                  04/23/2019  19:23:19  PAGE 18


  C:1BB1H         SYMBOL        _Uart2_SendData
  D:0095H         PUBLIC        SSCON2
  C:1E77H         PUBLIC        RevData_If
  D:00A9H         PUBLIC        IE1
  C:1907H         PUBLIC        _Uart1_Init
  B:00A8H.3       PUBLIC        ET1
  D:008DH         PUBLIC        TH1
  D:008BH         PUBLIC        TL1
  C:15BAH         PUBLIC        _uart_init
  B:0088H.6       PUBLIC        TR1
  D:0059H         PUBLIC        Uart1SendFlag
  C:179CH         SYMBOL        RevData_Handle
  C:1C48H         PUBLIC        Uart1_Int
  D:005AH         PUBLIC        RevNum
  C:004EH         SYMBOL        _UART_TX_byte
  D:0091H         PUBLIC        P1CON
  D:00A1H         PUBLIC        P2CON
  D:00C8H         PUBLIC        T2CON
  C:000EH         SYMBOL        _Uart1_Tx_Byte
  D:00D0H         PUBLIC        PSW
  D:005BH         PUBLIC        SLAVE
  -------         PROC          _UART_INIT
  D:0021H         SYMBOL        Fsystem
  D:0022H         SYMBOL        BaudRate_Count
  C:15BAH         LINE#         16
  C:15C0H         LINE#         17
  C:15C0H         LINE#         18
  C:15C3H         LINE#         19
  C:15C6H         LINE#         20
  C:15C9H         LINE#         21
  C:15CCH         LINE#         22
  C:15CFH         LINE#         23
  C:15D2H         LINE#         24
  C:1608H         LINE#         25
  C:1639H         LINE#         26
  C:163BH         LINE#         27
  C:163DH         LINE#         28
  C:163FH         LINE#         29
  -------         ENDPROC       _UART_INIT
  -------         PROC          _UART1_INIT
  D:0021H         SYMBOL        Freq
  D:0022H         SYMBOL        baud
  C:1907H         LINE#         37
  C:1909H         LINE#         38
  C:1909H         LINE#         39
  C:190CH         LINE#         40
  C:190FH         LINE#         41
  C:1912H         LINE#         42
  C:1915H         LINE#         43
  C:1933H         LINE#         44
  C:1956H         LINE#         45
  C:1959H         LINE#         46
  C:195BH         LINE#         47
  -------         ENDPROC       _UART1_INIT
  -------         PROC          _UART_TX_BYTE
  D:002FH         SYMBOL        Test1Data
  C:004EH         LINE#         55
BL51 BANKED LINKER/LOCATER V6.22.2.0                                                  04/23/2019  19:23:19  PAGE 19


  C:0050H         LINE#         56
  C:0050H         LINE#         57
  C:0052H         LINE#         58
  C:0055H         LINE#         59
  C:0058H         LINE#         60
  -------         ENDPROC       _UART_TX_BYTE
  -------         PROC          _UART1_SENDDATA
  D:002CH         SYMBOL        p
  -------         DO            
  D:004EH         SYMBOL        i
  -------         ENDDO         
  C:1B7EH         LINE#         62
  C:1B84H         LINE#         63
  C:1B84H         LINE#         65
  C:1B96H         LINE#         66
  C:1B96H         LINE#         67
  C:1BAAH         LINE#         68
  C:1BAEH         LINE#         69
  C:1BB0H         LINE#         70
  -------         ENDPROC       _UART1_SENDDATA
  -------         PROC          _UART1_PROTOCOLSEND
  D:0021H         SYMBOL        addr1
  D:0022H         SYMBOL        id1
  D:0023H         SYMBOL        uart1data
  -------         DO            
  D:0025H         SYMBOL        Uart1_buf
  -------         ENDDO         
  C:195CH         LINE#         72
  C:1964H         LINE#         73
  C:1964H         LINE#         75
  C:1973H         LINE#         76
  C:1976H         LINE#         77
  C:1979H         LINE#         78
  C:1983H         LINE#         79
  C:198AH         LINE#         80
  C:1998H         LINE#         81
  C:199BH         LINE#         82
  C:199EH         LINE#         83
  C:19A7H         LINE#         84
  -------         ENDPROC       _UART1_PROTOCOLSEND
  -------         PROC          _UART1_TX_BYTE
  D:002FH         SYMBOL        Test2Data
  C:000EH         LINE#         93
  C:0010H         LINE#         94
  C:0010H         LINE#         95
  C:0013H         LINE#         96
  C:0017H         LINE#         97
  C:001AH         LINE#         98
  -------         ENDPROC       _UART1_TX_BYTE
  -------         PROC          _UART2_SENDDATA
  D:002CH         SYMBOL        p
  -------         DO            
  D:004FH         SYMBOL        i
  -------         ENDDO         
  C:1BB1H         LINE#         100
  C:1BB7H         LINE#         101
  C:1BB7H         LINE#         103
BL51 BANKED LINKER/LOCATER V6.22.2.0                                                  04/23/2019  19:23:19  PAGE 20


  C:1BC9H         LINE#         104
  C:1BC9H         LINE#         105
  C:1BDDH         LINE#         106
  C:1BE1H         LINE#         107
  C:1BE3H         LINE#         108
  -------         ENDPROC       _UART2_SENDDATA
  -------         PROC          _UART2_PROTOCOLSEND
  D:0021H         SYMBOL        addr2
  D:0022H         SYMBOL        id2
  D:0023H         SYMBOL        uart2data
  -------         DO            
  D:0025H         SYMBOL        Uart2_buf
  -------         ENDDO         
  C:19A8H         LINE#         111
  C:19B0H         LINE#         112
  C:19B0H         LINE#         114
  C:19BFH         LINE#         115
  C:19C2H         LINE#         116
  C:19C5H         LINE#         117
  C:19CFH         LINE#         118
  C:19D6H         LINE#         119
  C:19E4H         LINE#         120
  C:19E7H         LINE#         121
  C:19EAH         LINE#         122
  C:19F3H         LINE#         123
  -------         ENDPROC       _UART2_PROTOCOLSEND
  -------         PROC          REV_DATA
  C:0003H         LINE#         131
  C:0003H         LINE#         132
  C:0003H         LINE#         133
  C:0006H         LINE#         134
  C:0008H         LINE#         135
  -------         ENDPROC       REV_DATA
  -------         PROC          REVDATA_IF
  C:1E77H         LINE#         137
  C:1E77H         LINE#         138
  C:1E77H         LINE#         139
  C:1E7CH         LINE#         140
  C:1E7CH         LINE#         141
  C:1E7FH         LINE#         142
  C:1E82H         LINE#         143
  C:1E82H         LINE#         145
  C:1E82H         LINE#         146
  C:1E84H         LINE#         147
  C:1E84H         LINE#         148
  -------         ENDPROC       REVDATA_IF
  -------         PROC          REVDATA_HANDLE
  C:179CH         LINE#         150
  C:179CH         LINE#         151
  C:179CH         LINE#         152
  C:17A1H         LINE#         153
  C:17ACH         LINE#         154
  C:17ACH         LINE#         155
  C:17B1H         LINE#         156
  C:17B1H         LINE#         157
  C:17BBH         LINE#         158
  C:17BBH         LINE#         159
BL51 BANKED LINKER/LOCATER V6.22.2.0                                                  04/23/2019  19:23:19  PAGE 21


  C:17BEH         LINE#         160
  C:17BFH         LINE#         162
  C:17BFH         LINE#         163
  C:17C2H         LINE#         164
  C:17C2H         LINE#         165
  C:17C3H         LINE#         167
  C:17C3H         LINE#         168
  C:17CDH         LINE#         169
  C:17CDH         LINE#         170
  C:17D0H         LINE#         171
  C:17D1H         LINE#         173
  C:17D1H         LINE#         174
  C:17D9H         LINE#         175
  C:17DBH         LINE#         176
  C:17E5H         LINE#         177
  C:17E5H         LINE#         178
  C:17E8H         LINE#         179
  C:17E8H         LINE#         180
  C:17F7H         LINE#         181
  C:17F7H         LINE#         182
  C:17FAH         LINE#         183
  C:17FAH         LINE#         184
  C:17FAH         LINE#         185
  C:17FAH         LINE#         186
  C:17FAH         LINE#         187
  -------         ENDPROC       REVDATA_HANDLE
  -------         PROC          UART1_INT
  C:1C48H         LINE#         196
  C:1C55H         LINE#         198
  C:1C5AH         LINE#         199
  C:1C5AH         LINE#         200
  C:1C5DH         LINE#         201
  C:1C60H         LINE#         202
  C:1C60H         LINE#         203
  C:1C65H         LINE#         204
  C:1C65H         LINE#         205
  C:1C68H         LINE#         206
  C:1C6BH         LINE#         207
  C:1C6BH         LINE#         208
  C:1C6EH         LINE#         209
  -------         ENDPROC       UART1_INT
  -------         ENDMOD        UART

  -------         MODULE        S_TOUCHKEYCFG
  C:0000H         SYMBOL        _ICE_DUMMY_
  X:0000H         PUBLIC        ConfirmTouchCnt
  C:1E48H         PUBLIC        SleepMode
  C:1DF7H         PUBLIC        TouchKey_QuitLowPowerMode
  D:00E4H         PUBLIC        TKCNT
  B:0020H.0       PUBLIC        SingleKeyFastScan_Flag
  X:0001H         PUBLIC        BaseLine
  B:0020H.1       PUBLIC        BTM_WakeUpFlag
  C:0DCAH         PUBLIC        TouchKey_LowPower_Dispose
  C:17FBH         PUBLIC        TouchKeyCFGInit
  C:1E37H         PUBLIC        _GetBaseLineAdjustValue
  X:0011H         PUBLIC        FloatAreaCnt
  B:00D0H.7       PUBLIC        TK_CY
BL51 BANKED LINKER/LOCATER V6.22.2.0                                                  04/23/2019  19:23:19  PAGE 22


  C:1B47H         PUBLIC        _GetCurrFingerValue
  D:00E1H         PUBLIC        TKCFG0
  D:00E2H         PUBLIC        TKCFG1
  C:1F03H         PUBLIC        GetCsFunction
  X:0019H         PUBLIC        CurrentChannel
  X:0021H         PUBLIC        RawData
  B:0020H.2       PUBLIC        LowPowerScan_Flag
  C:0F10H         PUBLIC        SingleKeyFastScan
  C:1EB4H         PUBLIC        IsDoubleKeyOrSlideKey
  B:0020H.3       PUBLIC        WakeUp_Flag
  X:0031H         PUBLIC        TouchCnt
  D:0087H         PUBLIC        PCON
  D:00E8H         PUBLIC        TKCR
  B:00E8H.5       PUBLIC        TRIF
  X:0039H         PUBLIC        LowFingerDataCnt
  B:00E8H.6       PUBLIC        TRIG
  C:07D1H         PUBLIC        TouchKeyScan
  C:1E93H         PUBLIC        SetOneKeyPushResetTime
  C:1ED2H         PUBLIC        BtmInit
  C:1E0EH         PUBLIC        _GetScanTimeValue
  C:002EH         PUBLIC        GetTKYzCnt
  C:16BFH         PUBLIC        TouchKey_LowPower_Scan
  D:00A9H         PUBLIC        TK_IE1
  X:0041H         PUBLIC        DifferAccum
  D:00E6H         PUBLIC        TKTM
  X:0051H         PUBLIC        RestAreaCnt
  D:00CEH         PUBLIC        BTMCON
  C:1D01H         PUBLIC        _GetTKYzThreshold
  X:0059H         PUBLIC        BaseLineAdjusttmp
  C:13F5H         PUBLIC        CurrentSensorChoose
  C:1EA9H         PUBLIC        GetInitAutoUpdateTime
  X:0061H         PUBLIC        MultipleLNum
  I:007FH         PUBLIC        WakeUpKey_Index
  C:1E85H         PUBLIC        BTM_Init
  C:1A40H         PUBLIC        _GetCfgMsg
  X:0063H         PUBLIC        SOCAPI_TouchKeyStatus
  C:1CA7H         PUBLIC        LowPower_Touchkey_Scan
  C:1EBFH         PUBLIC        GetUpConfirmCnt
  X:0064H         PUBLIC        UpdateBaseLNum
  X:0066H         PUBLIC        SetNoiseThreshold
  C:1E9EH         PUBLIC        GetBaselineUpdateThreshold
  X:0067H         PUBLIC        FilterData
  X:0077H         PUBLIC        NoTouchCnt
  X:007FH         PUBLIC        MultipleDealTpye
  C:175CH         PUBLIC        TKChannelCfg
  C:173AH         PUBLIC        TKCFG
  I:0080H         PUBLIC        WakeUpThenScanCount
  I:0081H         PUBLIC        WakeUpKey_List
  D:00D0H         PUBLIC        TK_PSW
  C:1E68H         PUBLIC        TouchKey_IntoLowPowerMode
  -------         PROC          BTM_INIT
  C:1E85H         LINE#         157
  C:1E85H         LINE#         158
  C:1E85H         LINE#         159
  C:1E8FH         LINE#         160
  C:1E92H         LINE#         161
  -------         ENDPROC       BTM_INIT
BL51 BANKED LINKER/LOCATER V6.22.2.0                                                  04/23/2019  19:23:19  PAGE 23


  -------         PROC          BTMINIT
  C:1ED2H         LINE#         168
  C:1ED2H         LINE#         170
  C:1ED5H         LINE#         171
  C:1ED8H         LINE#         172
  C:1EDAH         LINE#         173
  -------         ENDPROC       BTMINIT
  -------         PROC          SETONEKEYPUSHRESETTIME
  C:1E93H         LINE#         188
  C:1E93H         LINE#         189
  C:1E93H         LINE#         190
  C:1E9DH         LINE#         191
  -------         ENDPROC       SETONEKEYPUSHRESETTIME
  -------         PROC          GETBASELINEUPDATETHRESHOLD
  C:1E9EH         LINE#         199
  C:1E9EH         LINE#         200
  C:1E9EH         LINE#         201
  C:1EA8H         LINE#         202
  -------         ENDPROC       GETBASELINEUPDATETHRESHOLD
  -------         PROC          GETINITAUTOUPDATETIME
  C:1EA9H         LINE#         211
  C:1EA9H         LINE#         212
  C:1EA9H         LINE#         213
  C:1EB3H         LINE#         214
  -------         ENDPROC       GETINITAUTOUPDATETIME
  -------         PROC          GETCSFUNCTION
  C:1F03H         LINE#         222
  C:1F03H         LINE#         223
  C:1F03H         LINE#         224
  C:1F05H         LINE#         225
  -------         ENDPROC       GETCSFUNCTION
  -------         PROC          _GETCURRFINGERVALUE
  D:0038H         SYMBOL        i
  C:1B47H         LINE#         233
  C:1B49H         LINE#         234
  C:1B49H         LINE#         235
  C:1B7DH         LINE#         236
  -------         ENDPROC       _GETCURRFINGERVALUE
  -------         PROC          _GETSCANTIMEVALUE
  D:0039H         SYMBOL        i
  C:1E0EH         LINE#         245
  C:1E10H         LINE#         246
  C:1E10H         LINE#         247
  C:1E23H         LINE#         248
  -------         ENDPROC       _GETSCANTIMEVALUE
  -------         PROC          ISDOUBLEKEYORSLIDEKEY
  C:1EB4H         LINE#         256
  C:1EB4H         LINE#         257
  C:1EB4H         LINE#         258
  C:1EBEH         LINE#         259
  -------         ENDPROC       ISDOUBLEKEYORSLIDEKEY
  -------         PROC          _GETBASELINEADJUSTVALUE
  D:0039H         SYMBOL        i
  C:1E37H         LINE#         268
  C:1E39H         LINE#         269
  C:1E39H         LINE#         270
  C:1E47H         LINE#         271
BL51 BANKED LINKER/LOCATER V6.22.2.0                                                  04/23/2019  19:23:19  PAGE 24


  -------         ENDPROC       _GETBASELINEADJUSTVALUE
  -------         PROC          GETUPCONFIRMCNT
  C:1EBFH         LINE#         279
  C:1EBFH         LINE#         280
  C:1EBFH         LINE#         281
  C:1EC8H         LINE#         282
  -------         ENDPROC       GETUPCONFIRMCNT
  -------         PROC          GETTKYZCNT
  C:002EH         LINE#         290
  C:002EH         LINE#         291
  C:002EH         LINE#         292
  C:0039H         LINE#         293
  -------         ENDPROC       GETTKYZCNT
  -------         PROC          _GETTKYZTHRESHOLD
  D:0035H         SYMBOL        i
  -------         DO            
  D:0036H         SYMBOL        SetFingerThresholdtmp
  -------         ENDDO         
  C:1D01H         LINE#         302
  C:1D03H         LINE#         303
  C:1D03H         LINE#         306
  C:1D0CH         LINE#         307
  C:1D25H         LINE#         309
  C:1D29H         LINE#         310
  -------         ENDPROC       _GETTKYZTHRESHOLD
  -------         PROC          CURRENTSENSORCHOOSE
  -------         DO            
  D:0022H         SYMBOL        i
  D:0023H         SYMBOL        Ctk_Channel_mark
  D:0024H         SYMBOL        WakeUpKey_Channel_mark
  D:0025H         SYMBOL        CurrentSensorKey
  -------         ENDDO         
  C:13F5H         LINE#         318
  C:13F5H         LINE#         319
  C:13F5H         LINE#         321
  C:13F8H         LINE#         322
  C:13FBH         LINE#         324
  C:1407H         LINE#         326
  C:1419H         LINE#         327
  C:1419H         LINE#         328
  C:142EH         LINE#         329
  C:1431H         LINE#         330
  C:1431H         LINE#         331
  C:1440H         LINE#         333
  C:144FH         LINE#         334
  C:144FH         LINE#         335
  C:1474H         LINE#         336
  C:1474H         LINE#         337
  C:147EH         LINE#         338
  C:147EH         LINE#         339
  C:147EH         LINE#         341
  C:1480H         LINE#         342
  C:148FH         LINE#         343
  C:148FH         LINE#         344
  C:148FH         LINE#         345
  C:1494H         LINE#         346
  C:1497H         LINE#         347
BL51 BANKED LINKER/LOCATER V6.22.2.0                                                  04/23/2019  19:23:19  PAGE 25


  -------         ENDPROC       CURRENTSENSORCHOOSE
  -------         PROC          _GETCFGMSG
  D:0039H         SYMBOL        i
  C:1A40H         LINE#         356
  C:1A42H         LINE#         357
  C:1A42H         LINE#         358
  C:1A5AH         LINE#         359
  C:1A5AH         LINE#         360
  C:1A61H         LINE#         361
  C:1A68H         LINE#         362
  C:1A6FH         LINE#         363
  C:1A76H         LINE#         364
  C:1A81H         LINE#         365
  C:1A83H         LINE#         366
  C:1A83H         LINE#         367
  -------         ENDPROC       _GETCFGMSG
  -------         PROC          TOUCHKEYCFGINIT
  -------         DO            
  D:0021H         SYMBOL        i
  -------         ENDDO         
  C:17FBH         LINE#         376
  C:17FBH         LINE#         377
  C:17FBH         LINE#         379
  C:180AH         LINE#         380
  C:1819H         LINE#         381
  C:181CH         LINE#         382
  C:1826H         LINE#         383
  C:1826H         LINE#         384
  C:1847H         LINE#         385
  C:184BH         LINE#         386
  C:1853H         LINE#         388
  C:1856H         LINE#         390
  -------         ENDPROC       TOUCHKEYCFGINIT
  -------         PROC          TOUCHKEYSCAN
  -------         DO            
  D:0021H         SYMBOL        t
  D:0022H         SYMBOL        MultipleCnt
  D:0023H         SYMBOL        Keyvalue
  D:0027H         SYMBOL        KeyData
  -------         ENDDO         
  C:07D1H         LINE#         402
  C:07D1H         LINE#         403
  C:07D1H         LINE#         405
  C:07D4H         LINE#         407
  C:07E0H         LINE#         408
  C:07E6H         LINE#         409
  C:07E6H         LINE#         410
  C:07EEH         LINE#         411
  C:07EEH         LINE#         412
  C:07F9H         LINE#         413
  C:0803H         LINE#         414
  C:0803H         LINE#         415
  C:0818H         LINE#         416
  C:081BH         LINE#         417
  C:081BH         LINE#         418
  C:084AH         LINE#         419
  C:084CH         LINE#         420
BL51 BANKED LINKER/LOCATER V6.22.2.0                                                  04/23/2019  19:23:19  PAGE 26


  C:084CH         LINE#         421
  C:0850H         LINE#         422
  C:085FH         LINE#         423
  C:085FH         LINE#         424
  C:0861H         LINE#         425
  C:0870H         LINE#         426
  C:0870H         LINE#         427
  C:0873H         LINE#         428
  C:0875H         LINE#         430
  C:0875H         LINE#         431
  C:087BH         LINE#         432
  C:087BH         LINE#         433
  C:087DH         LINE#         434
  C:087DH         LINE#         435
  C:087DH         LINE#         436
  C:087DH         LINE#         438
  C:0880H         LINE#         439
  C:0880H         LINE#         440
  C:0896H         LINE#         441
  C:0896H         LINE#         442
  C:08A4H         LINE#         443
  C:08A6H         LINE#         445
  C:08A6H         LINE#         446
  C:08AEH         LINE#         447
  C:08AEH         LINE#         448
  C:08B0H         LINE#         450
  C:08B0H         LINE#         452
  C:08BEH         LINE#         453
  C:08CAH         LINE#         454
  C:08CAH         LINE#         456
  C:08DCH         LINE#         457
  C:08DCH         LINE#         458
  C:08DFH         LINE#         459
  C:08E7H         LINE#         460
  C:08E7H         LINE#         462
  C:08FBH         LINE#         463
  C:08FBH         LINE#         464
  C:08FEH         LINE#         465
  C:0904H         LINE#         466
  C:090CH         LINE#         467
  C:090CH         LINE#         468
  C:090FH         LINE#         470
  C:090FH         LINE#         471
  C:091CH         LINE#         472
  C:091CH         LINE#         473
  C:091FH         LINE#         475
  C:091FH         LINE#         477
  C:092FH         LINE#         478
  C:0939H         LINE#         479
  C:0939H         LINE#         480
  C:093EH         LINE#         481
  C:0953H         LINE#         482
  C:0956H         LINE#         483
  C:0956H         LINE#         484
  C:0985H         LINE#         485
  C:0985H         LINE#         486
  C:0989H         LINE#         487
BL51 BANKED LINKER/LOCATER V6.22.2.0                                                  04/23/2019  19:23:19  PAGE 27


  C:098CH         LINE#         488
  C:099DH         LINE#         489
  C:099DH         LINE#         490
  C:09A1H         LINE#         491
  C:09ABH         LINE#         492
  C:09ABH         LINE#         493
  C:09D8H         LINE#         494
  C:09D8H         LINE#         495
  C:09FEH         LINE#         496
  C:0A02H         LINE#         497
  C:0A04H         LINE#         498
  C:0A04H         LINE#         500
  C:0A04H         LINE#         501
  C:0A0CH         LINE#         502
  -------         ENDPROC       TOUCHKEYSCAN
  -------         PROC          TOUCHKEY_INTOLOWPOWERMODE
  C:1E68H         LINE#         509
  C:1E68H         LINE#         510
  C:1E68H         LINE#         512
  C:1E6AH         LINE#         513
  C:1E6CH         LINE#         514
  C:1E70H         LINE#         515
  C:1E73H         LINE#         516
  C:1E76H         LINE#         518
  -------         ENDPROC       TOUCHKEY_INTOLOWPOWERMODE
  -------         PROC          TOUCHKEY_QUITLOWPOWERMODE
  C:1DF7H         LINE#         526
  C:1DF7H         LINE#         527
  C:1DF7H         LINE#         529
  C:1DF9H         LINE#         530
  C:1DFBH         LINE#         531
  C:1DFEH         LINE#         532
  C:1E08H         LINE#         533
  C:1E0AH         LINE#         534
  C:1E0DH         LINE#         536
  -------         ENDPROC       TOUCHKEY_QUITLOWPOWERMODE
  -------         PROC          TOUCHKEY_LOWPOWER_SCAN
  C:16BFH         LINE#         544
  C:16BFH         LINE#         545
  C:16BFH         LINE#         547
  C:16CAH         LINE#         548
  C:16F3H         LINE#         549
  C:1706H         LINE#         550
  C:171CH         LINE#         551
  C:1737H         LINE#         552
  C:1739H         LINE#         554
  -------         ENDPROC       TOUCHKEY_LOWPOWER_SCAN
  -------         PROC          TOUCHKEY_LOWPOWER_DISPOSE
  -------         DO            
  D:0077H         SYMBOL        differData
  D:0079H         SYMBOL        SetFingerThresholdtmp
  -------         ENDDO         
  C:0DCAH         LINE#         562
  C:0DCAH         LINE#         563
  C:0DCAH         LINE#         567
  C:0DCDH         LINE#         568
  C:0DCFH         LINE#         570
BL51 BANKED LINKER/LOCATER V6.22.2.0                                                  04/23/2019  19:23:19  PAGE 28


  C:0DF8H         LINE#         571
  C:0E05H         LINE#         572
  C:0E44H         LINE#         573
  C:0E55H         LINE#         574
  C:0E66H         LINE#         575
  C:0E66H         LINE#         576
  C:0E7DH         LINE#         577
  C:0E7FH         LINE#         578
  C:0E80H         LINE#         580
  C:0E80H         LINE#         581
  C:0F0FH         LINE#         582
  C:0F0FH         LINE#         584
  -------         ENDPROC       TOUCHKEY_LOWPOWER_DISPOSE
  -------         PROC          SINGLEKEYFASTSCAN
  -------         DO            
  D:0072H         SYMBOL        i
  D:0073H         SYMBOL        differData
  D:0075H         SYMBOL        SetFingerThresholdtmp
  -------         ENDDO         
  C:0F10H         LINE#         592
  C:0F10H         LINE#         593
  C:0F10H         LINE#         599
  C:0F12H         LINE#         601
  C:0F27H         LINE#         602
  C:0F27H         LINE#         603
  C:0F2AH         LINE#         604
  C:0F2DH         LINE#         605
  C:0F2FH         LINE#         606
  C:0F58H         LINE#         607
  C:0F65H         LINE#         608
  C:0FA4H         LINE#         609
  C:0FB5H         LINE#         610
  C:0FC6H         LINE#         611
  C:0FC6H         LINE#         612
  C:0FDDH         LINE#         613
  C:0FDDH         LINE#         614
  C:0FE2H         LINE#         615
  C:1005H         LINE#         616
  C:1005H         LINE#         617
  C:1030H         LINE#         618
  C:1033H         LINE#         619
  C:1034H         LINE#         621
  C:1034H         LINE#         622
  C:104AH         LINE#         623
  C:104AH         LINE#         625
  -------         ENDPROC       SINGLEKEYFASTSCAN
  -------         PROC          SLEEPMODE
  C:1E48H         LINE#         633
  C:1E48H         LINE#         634
  C:1E48H         LINE#         636
  C:1E4BH         LINE#         637
  C:1E4DH         LINE#         638
  C:1E50H         LINE#         639
  C:1E51H         LINE#         640
  C:1E52H         LINE#         641
  C:1E53H         LINE#         642
  C:1E54H         LINE#         643
BL51 BANKED LINKER/LOCATER V6.22.2.0                                                  04/23/2019  19:23:19  PAGE 29


  C:1E55H         LINE#         644
  C:1E56H         LINE#         645
  C:1E57H         LINE#         646
  C:1E58H         LINE#         648
  -------         ENDPROC       SLEEPMODE
  -------         PROC          LOWPOWER_TOUCHKEY_SCAN
  C:1CA7H         LINE#         656
  C:1CA7H         LINE#         657
  C:1CA7H         LINE#         660
  C:1CAAH         LINE#         663
  C:1CADH         LINE#         666
  C:1CB0H         LINE#         667
  C:1CB3H         LINE#         668
  C:1CB3H         LINE#         669
  C:1CB6H         LINE#         670
  C:1CB6H         LINE#         671
  C:1CB9H         LINE#         672
  C:1CB9H         LINE#         673
  C:1CBCH         LINE#         674
  C:1CCDH         LINE#         675
  C:1CCDH         LINE#         676
  C:1CD1H         LINE#         677
  C:1CD1H         LINE#         678
  C:1CD1H         LINE#         681
  C:1CD4H         LINE#         684
  -------         ENDPROC       LOWPOWER_TOUCHKEY_SCAN
  -------         ENDMOD        S_TOUCHKEYCFG

  -------         MODULE        SENSORMETHOD
  C:0000H         SYMBOL        _ICE_DUMMY_
  D:00FFH         PUBLIC        OPREG
  X:0081H         PUBLIC        FlowFingerRoundIndex
  C:1640H         PUBLIC        _ICHAAdjust
  D:00CFH         PUBLIC        TK_WDTCR
  B:00A8H.7       PUBLIC        TK_EA
  D:00E4H         PUBLIC        TKCNT
  D:00A8H         PUBLIC        TK_IE
  D:00FEH         PUBLIC        OPINX
  C:19F4H         PUBLIC        InitializeSensorFlag
  X:0082H         PUBLIC        ScanTime
  C:1F06H         PUBLIC        TouchKeyRestart
  D:00E1H         PUBLIC        TKCFG0
  D:00E2H         PUBLIC        TKCFG1
  D:00E3H         PUBLIC        TKCFG2
  C:1D4FH         PUBLIC        SensorKeyFlag
  D:005CH         PUBLIC        KeyFlag
  X:0084H         PUBLIC        FlowFingerRoundCnt
  C:1344H         PUBLIC        CTK_ISR
  B:0020H.4       PUBLIC        bMultiple
  D:00E8H         PUBLIC        TKCR
  C:1D74H         PUBLIC        InitializeBaselines
  B:00E8H.6       PUBLIC        TRIG
  D:0060H         PUBLIC        KeyMark
  C:1F0CH         PUBLIC        SetNeedUpdateBaseline
  D:00A9H         PUBLIC        TK_IE1
  C:1857H         PUBLIC        FilterAvergeDeal
  D:00E6H         PUBLIC        TKTM
BL51 BANKED LINKER/LOCATER V6.22.2.0                                                  04/23/2019  19:23:19  PAGE 30


  X:0086H         PUBLIC        MultipleDealIndex
  C:0431H         PUBLIC        _SensorRenovate
  B:0020H.5       PUBLIC        bNeedUpdate
  C:1532H         PUBLIC        TouchKeyInit
  C:104BH         PUBLIC        _MultipleDeal
  D:00B9H         PUBLIC        IP1
  D:0064H         PUBLIC        CurrentChannelMax
  C:003EH         PUBLIC        _Usdelay
  C:1289H         PUBLIC        _FilterDataDeal
  X:0087H         PUBLIC        CurrentIndex
  C:1D98H         PUBLIC        FilterIIRInit
  C:1F09H         PUBLIC        GetIsNeedUpdateBaseline
  X:0088H         PUBLIC        IsInNosicValue
  C:1D2AH         PUBLIC        FilterCommCode
  C:116AH         SYMBOL        Com00A1
  C:116AH         SYMBOL        L?0162
  C:1178H         SYMBOL        L?0163
  C:117AH         SYMBOL        L?0164
  C:117DH         SYMBOL        L?0165
  C:1183H         SYMBOL        L?0166
  C:1183H         SYMBOL        L?0167
  C:1185H         SYMBOL        L?0168
  C:1188H         SYMBOL        L?0169
  C:118EH         SYMBOL        L?0170
  C:118EH         SYMBOL        L?0171
  C:1190H         SYMBOL        L?0172
  C:1199H         SYMBOL        L?0173
  C:1199H         SYMBOL        L?0174
  C:119DH         SYMBOL        L?0175
  C:11A5H         SYMBOL        L?0176
  C:11A5H         SYMBOL        L?0177
  C:11A6H         SYMBOL        L?0178
  C:11AAH         SYMBOL        L?0179
  C:11B3H         SYMBOL        L?0180
  C:11B3H         SYMBOL        L?0181
  C:11B7H         SYMBOL        L?0182
  C:11BFH         SYMBOL        L?0183
  C:11C0H         SYMBOL        L?0184
  C:11C1H         SYMBOL        L?0185
  C:11C2H         SYMBOL        L?0186
  C:11CCH         SYMBOL        L?0187
  C:11CCH         SYMBOL        L?0188
  C:11D0H         SYMBOL        L?0189
  C:11D8H         SYMBOL        L?0190
  C:11DAH         SYMBOL        L?0191
  C:11DBH         SYMBOL        L?0192
  C:11E7H         SYMBOL        L?0193
  C:11E7H         SYMBOL        L?0194
  C:11E9H         SYMBOL        L?0195
  C:11ECH         SYMBOL        L?0196
  C:11F2H         SYMBOL        L?0197
  C:11F4H         SYMBOL        L?0198
  C:11F8H         SYMBOL        L?0199
  C:1201H         SYMBOL        L?0200
  C:1216H         SYMBOL        L?0201
  C:122AH         SYMBOL        L?0202
  C:122EH         SYMBOL        L?0203
BL51 BANKED LINKER/LOCATER V6.22.2.0                                                  04/23/2019  19:23:19  PAGE 31


  C:1236H         SYMBOL        L?0204
  C:1236H         SYMBOL        L?0205
  C:123FH         SYMBOL        L?0206
  C:1251H         SYMBOL        L?0207
  C:125FH         SYMBOL        L?0208
  C:126BH         SYMBOL        L?0209
  C:126BH         SYMBOL        L?0210
  C:1272H         SYMBOL        L?0211
  C:127FH         SYMBOL        L?0212
  -------         PROC          COM00A1
  -------         ENDPROC       COM00A1
  -------         PROC          _USDELAY
  D:0006H         SYMBOL        delay
  C:003EH         LINE#         122
  C:003EH         LINE#         123
  C:003EH         LINE#         124
  C:0042H         LINE#         125
  C:0042H         LINE#         126
  C:0047H         LINE#         127
  C:0049H         LINE#         128
  -------         ENDPROC       _USDELAY
  -------         PROC          _ICHAADJUST
  D:0023H         SYMBOL        Channel
  -------         DO            
  X:0089H         SYMBOL        icha_set
  -------         ENDDO         
  C:1640H         LINE#         136
  C:1642H         LINE#         137
  C:1642H         LINE#         139
  C:164AH         LINE#         140
  C:166FH         LINE#         141
  C:166FH         LINE#         142
  C:1675H         LINE#         143
  C:1675H         LINE#         144
  C:1676H         LINE#         145
  C:1676H         LINE#         146
  C:1676H         LINE#         147
  C:1678H         LINE#         148
  C:16A3H         LINE#         149
  C:16A3H         LINE#         150
  C:16ACH         LINE#         151
  C:16ACH         LINE#         152
  C:16BCH         LINE#         153
  C:16BEH         LINE#         154
  C:16BEH         LINE#         155
  C:16BEH         LINE#         156
  -------         ENDPROC       _ICHAADJUST
  -------         PROC          CTK_ISR
  -------         DO            
  B:0020H.6       SYMBOL        Scanflag
  -------         ENDDO         
  C:1344H         LINE#         164
  C:1361H         LINE#         166
  C:1363H         LINE#         168
  C:1371H         LINE#         169
  C:1377H         LINE#         171
  C:137DH         LINE#         172
BL51 BANKED LINKER/LOCATER V6.22.2.0                                                  04/23/2019  19:23:19  PAGE 32


  C:137DH         LINE#         173
  C:137FH         LINE#         174
  C:1386H         LINE#         175
  C:1388H         LINE#         177
  C:1388H         LINE#         178
  C:138AH         LINE#         179
  C:138AH         LINE#         180
  C:1395H         LINE#         181
  C:139DH         LINE#         182
  C:13B4H         LINE#         183
  C:13C3H         LINE#         184
  C:13D5H         LINE#         186
  C:13DAH         LINE#         188
  -------         ENDPROC       CTK_ISR
  -------         PROC          TOUCHKEYINIT
  C:1532H         LINE#         197
  C:1532H         LINE#         198
  C:1532H         LINE#         199
  C:1535H         LINE#         200
  C:1538H         LINE#         202
  C:153BH         LINE#         204
  C:153DH         LINE#         205
  C:1540H         LINE#         207
  C:1542H         LINE#         208
  C:1547H         LINE#         209
  C:154BH         LINE#         211
  C:154EH         LINE#         212
  C:1569H         LINE#         213
  C:156EH         LINE#         215
  C:1585H         LINE#         216
  C:158DH         LINE#         217
  C:158DH         LINE#         218
  C:1595H         LINE#         220
  C:1595H         LINE#         221
  C:15A1H         LINE#         222
  C:15A8H         LINE#         224
  C:15ABH         LINE#         225
  C:15AEH         LINE#         228
  C:15B4H         LINE#         229
  C:15B7H         LINE#         230
  -------         ENDPROC       TOUCHKEYINIT
  -------         PROC          TOUCHKEYRESTART
  C:1F06H         LINE#         240
  C:1F06H         LINE#         241
  C:1F06H         LINE#         242
  C:1F08H         LINE#         243
  -------         ENDPROC       TOUCHKEYRESTART
  -------         PROC          FILTERCOMMCODE
  -------         DO            
  D:0005H         SYMBOL        times
  -------         ENDDO         
  C:1D2AH         LINE#         252
  C:1D2AH         LINE#         253
  C:1D2AH         LINE#         254
  C:1D2CH         LINE#         256
  C:1D33H         LINE#         257
  C:1D35H         LINE#         259
BL51 BANKED LINKER/LOCATER V6.22.2.0                                                  04/23/2019  19:23:19  PAGE 33


  C:1D3CH         LINE#         260
  C:1D3CH         LINE#         261
  C:1D43H         LINE#         262
  C:1D46H         LINE#         263
  C:1D47H         LINE#         264
  C:1D4DH         LINE#         265
  C:1D4EH         LINE#         267
  -------         ENDPROC       FILTERCOMMCODE
  -------         PROC          FILTERAVERGEDEAL
  -------         DO            
  D:0021H         SYMBOL        t
  D:0022H         SYMBOL        i
  -------         ENDDO         
  C:1857H         LINE#         276
  C:1857H         LINE#         277
  C:1857H         LINE#         280
  C:185AH         LINE#         282
  C:185AH         LINE#         283
  C:185DH         LINE#         284
  C:1867H         LINE#         285
  C:1867H         LINE#         286
  C:1879H         LINE#         287
  C:187EH         LINE#         288
  C:1882H         LINE#         289
  C:1889H         LINE#         290
  C:188CH         LINE#         292
  C:1891H         LINE#         294
  C:1891H         LINE#         295
  C:1894H         LINE#         296
  C:189EH         LINE#         297
  C:189EH         LINE#         298
  C:18A3H         LINE#         299
  C:18A7H         LINE#         300
  C:18AEH         LINE#         301
  -------         ENDPROC       FILTERAVERGEDEAL
  -------         PROC          INITIALIZEBASELINES
  -------         DO            
[...]
  C:0478H         LINE#         364
  C:047BH         LINE#         365
  C:047DH         LINE#         367
  C:047DH         LINE#         368
  C:0480H         LINE#         369
  C:0480H         LINE#         372
  C:0489H         LINE#         373
  C:0489H         LINE#         374
  C:0496H         LINE#         375
  C:0496H         LINE#         376
  C:04A0H         LINE#         377
  C:04A0H         LINE#         379
  C:04B1H         LINE#         380
  C:04B1H         LINE#         381
  C:04B7H         LINE#         382
  C:04BDH         LINE#         383
  C:04BDH         LINE#         384
  C:04C0H         LINE#         385
  C:04C9H         LINE#         386
  C:04C9H         LINE#         387
  C:04D2H         LINE#         388
  C:04D4H         LINE#         389
  C:04D8H         LINE#         390
  C:04DFH         LINE#         391
  C:04DFH         LINE#         392
  C:04E5H         LINE#         393
  C:04E5H         LINE#         394
  C:04E5H         LINE#         395
  C:04F5H         LINE#         396
  C:04F5H         LINE#         397
  C:04F8H         LINE#         399
  C:04FEH         LINE#         400
  C:04FEH         LINE#         401
  C:0507H         LINE#         402
BL51 BANKED LINKER/LOCATER V6.22.2.0                                                  04/23/2019  19:23:19  PAGE 35


  C:0507H         LINE#         403
  C:050DH         LINE#         404
  C:050DH         LINE#         405
  C:0518H         LINE#         406
  C:0518H         LINE#         407
  C:051BH         LINE#         408
  C:051DH         LINE#         409
  C:051DH         LINE#         410
  C:051DH         LINE#         411
  C:0521H         LINE#         412
  C:0527H         LINE#         413
  C:0527H         LINE#         414
  C:052BH         LINE#         415
  C:052BH         LINE#         416
  C:0534H         LINE#         417
  C:0534H         LINE#         418
  C:053AH         LINE#         419
  C:053AH         LINE#         420
  C:0549H         LINE#         421
  C:0549H         LINE#         422
  C:0549H         LINE#         423
  C:054BH         LINE#         424
  C:054BH         LINE#         425
  C:054BH         LINE#         426
  C:054FH         LINE#         427
  C:054FH         LINE#         428
  C:054FH         LINE#         429
  C:054FH         LINE#         431
  C:054FH         LINE#         432
  C:0555H         LINE#         433
  C:0555H         LINE#         434
  C:0557H         LINE#         435
  C:0560H         LINE#         436
  C:0560H         LINE#         437
  C:0569H         LINE#         438
  C:0569H         LINE#         439
  C:056BH         LINE#         440
  C:056BH         LINE#         441
  C:056FH         LINE#         442
  C:0576H         LINE#         443
  C:0576H         LINE#         444
  C:0579H         LINE#         445
  C:0579H         LINE#         446
  C:0579H         LINE#         447
  C:0579H         LINE#         449
  C:057EH         LINE#         450
  C:057EH         LINE#         451
  C:0580H         LINE#         452
  C:0580H         LINE#         453
  C:059BH         LINE#         454
  C:059BH         LINE#         455
  C:059BH         LINE#         458
  C:05A0H         LINE#         459
  C:05A5H         LINE#         460
  C:05ACH         LINE#         461
  C:05B5H         LINE#         462
  C:05B8H         LINE#         465
BL51 BANKED LINKER/LOCATER V6.22.2.0                                                  04/23/2019  19:23:19  PAGE 36


  C:05B8H         LINE#         466
  C:05C2H         LINE#         467
  C:05C2H         LINE#         468
  C:05C2H         LINE#         469
  C:05C2H         LINE#         470
  C:05C8H         LINE#         471
  C:05C8H         LINE#         472
  C:05CAH         LINE#         474
  C:05CAH         LINE#         475
  C:05D0H         LINE#         476
  C:05D5H         LINE#         477
  C:05D5H         LINE#         479
  C:05EEH         LINE#         480
  C:05EEH         LINE#         481
  C:05F2H         LINE#         482
  C:05F5H         LINE#         483
  C:05FDH         LINE#         484
  C:05FDH         LINE#         485
  C:0608H         LINE#         486
  C:0618H         LINE#         487
  C:0618H         LINE#         488
  C:061FH         LINE#         489
  C:061FH         LINE#         490
  C:0621H         LINE#         491
  C:063BH         LINE#         492
  C:063BH         LINE#         493
  C:0645H         LINE#         494
  C:064CH         LINE#         495
  C:064CH         LINE#         496
  C:064CH         LINE#         497
  C:064FH         LINE#         498
  C:066AH         LINE#         499
  C:066AH         LINE#         500
  C:066DH         LINE#         501
  C:0672H         LINE#         502
  C:067FH         LINE#         503
  C:067FH         LINE#         505
  C:0685H         LINE#         506
  C:0685H         LINE#         507
  C:068AH         LINE#         508
  C:068CH         LINE#         509
  C:0691H         LINE#         510
  C:0693H         LINE#         512
  C:0693H         LINE#         513
  C:06B6H         LINE#         514
  C:06B6H         LINE#         515
  C:06B6H         LINE#         516
  C:06BEH         LINE#         517
  C:06BEH         LINE#         518
  C:06C1H         LINE#         519
  C:06C1H         LINE#         520
  C:06C4H         LINE#         521
  C:06CCH         LINE#         522
  C:06CCH         LINE#         523
  C:06CFH         LINE#         524
  C:06D4H         LINE#         525
  C:06D4H         LINE#         526
BL51 BANKED LINKER/LOCATER V6.22.2.0                                                  04/23/2019  19:23:19  PAGE 37


  C:06D7H         LINE#         527
  C:06DEH         LINE#         528
  C:06DEH         LINE#         529
  C:06E3H         LINE#         530
  C:06FBH         LINE#         531
  C:06FBH         LINE#         532
  C:06FBH         LINE#         533
  C:06FBH         LINE#         536
  C:0706H         LINE#         537
  C:0706H         LINE#         538
  C:0724H         LINE#         539
  C:0724H         LINE#         540
  C:072AH         LINE#         541
  C:072FH         LINE#         542
  C:0739H         LINE#         543
  C:0739H         LINE#         544
  C:0742H         LINE#         545
  C:0744H         LINE#         546
  C:0748H         LINE#         547
  C:074FH         LINE#         548
  C:074FH         LINE#         549
  C:0755H         LINE#         550
  C:0755H         LINE#         551
  C:075EH         LINE#         552
  C:075EH         LINE#         553
  C:0763H         LINE#         554
  C:0785H         LINE#         555
  C:0792H         LINE#         556
  C:0792H         LINE#         557
  C:0793H         LINE#         559
  C:0793H         LINE#         560
  C:0799H         LINE#         561
  C:0799H         LINE#         562
  C:079AH         LINE#         564
  C:079AH         LINE#         565
  C:07A3H         LINE#         567
  C:07AAH         LINE#         568
  C:07AAH         LINE#         570
  C:07AAH         LINE#         572
  C:07B3H         LINE#         573
  C:07B3H         LINE#         575
  C:07B3H         LINE#         577
  C:07BDH         LINE#         578
  C:07BDH         LINE#         579
  C:07C3H         LINE#         580
  C:07C3H         LINE#         581
  C:07C6H         LINE#         582
  C:07C6H         LINE#         583
  C:07CAH         LINE#         584
  C:07CEH         LINE#         585
  C:07CEH         LINE#         586
  C:07D0H         LINE#         587
  C:07D0H         LINE#         588
  C:07D0H         LINE#         590
  C:07D0H         LINE#         591
  -------         ENDPROC       _SENSORRENOVATE
  -------         PROC          FILTERIIRINIT
BL51 BANKED LINKER/LOCATER V6.22.2.0                                                  04/23/2019  19:23:19  PAGE 38


  -------         DO            
  D:0007H         SYMBOL        i
  -------         ENDDO         
  C:1D98H         LINE#         599
  C:1D98H         LINE#         600
  C:1D98H         LINE#         602
  C:1DA0H         LINE#         603
  C:1DA0H         LINE#         604
  C:1DB5H         LINE#         605
  C:1DB8H         LINE#         606
  -------         ENDPROC       FILTERIIRINIT
  -------         PROC          _FILTERDATADEAL
  D:002DH         SYMBOL        i
  -------         DO            
  D:002EH         SYMBOL        FilterTemp
  D:0004H         SYMBOL        SetFingerThresholdtmp
  -------         ENDDO         
  C:1289H         LINE#         615
  C:128BH         LINE#         616
  C:128BH         LINE#         620
  C:1298H         LINE#         622
  C:12A1H         LINE#         624
  C:12B6H         LINE#         625
  C:12B6H         LINE#         626
  C:12BEH         LINE#         627
  C:12C1H         LINE#         628
  C:12DAH         LINE#         629
  C:12DAH         LINE#         630
  C:12FFH         LINE#         631
  C:1301H         LINE#         633
  C:1301H         LINE#         634
  C:1339H         LINE#         635
  C:1339H         LINE#         637
  C:1343H         LINE#         638
  -------         ENDPROC       _FILTERDATADEAL
  -------         PROC          GETISNEEDUPDATEBASELINE
  C:1F09H         LINE#         647
  C:1F09H         LINE#         648
  C:1F09H         LINE#         649
  C:1F0BH         LINE#         650
  -------         ENDPROC       GETISNEEDUPDATEBASELINE
  -------         PROC          SETNEEDUPDATEBASELINE
  C:1F0CH         LINE#         659
  C:1F0CH         LINE#         660
  C:1F0CH         LINE#         661
  C:1F0EH         LINE#         662
  -------         ENDPROC       SETNEEDUPDATEBASELINE
  -------         PROC          INITIALIZESENSORFLAG
  -------         DO            
  D:0007H         SYMBOL        i
  -------         ENDDO         
  C:19F4H         LINE#         671
  C:19F4H         LINE#         672
  C:19F4H         LINE#         674
  C:19FCH         LINE#         675
  C:19FCH         LINE#         676
  C:1A04H         LINE#         677
BL51 BANKED LINKER/LOCATER V6.22.2.0                                                  04/23/2019  19:23:19  PAGE 39


  C:1A0CH         LINE#         678
  C:1A14H         LINE#         679
  C:1A1CH         LINE#         680
  C:1A24H         LINE#         681
  C:1A27H         LINE#         683
  C:1A30H         LINE#         684
  C:1A36H         LINE#         685
  C:1A3DH         LINE#         686
  C:1A3FH         LINE#         687
  -------         ENDPROC       INITIALIZESENSORFLAG
  -------         PROC          _MULTIPLEDEAL
  D:002BH         SYMBOL        CycleCnt
  -------         DO            
  X:0080H         SYMBOL        InitSensorCnt
  D:0004H         SYMBOL        FilterTemp
  D:002CH         SYMBOL        t
  -------         ENDDO         
  C:104BH         LINE#         696
  C:104DH         LINE#         697
  C:104DH         LINE#         703
  C:1056H         LINE#         704
  C:1056H         LINE#         705
  C:1058H         LINE#         706
  C:105EH         LINE#         707
  C:105EH         LINE#         708
  C:1067H         LINE#         709
  C:1067H         LINE#         710
  C:107CH         LINE#         711
  C:1080H         LINE#         712
  C:1080H         LINE#         713
  C:1083H         LINE#         714
  C:1085H         LINE#         715
  C:108BH         LINE#         717
  C:108BH         LINE#         719
  C:1091H         LINE#         720
  C:1095H         LINE#         721
  C:1095H         LINE#         722
  C:1098H         LINE#         723
  C:109DH         LINE#         724
  C:109DH         LINE#         726
  C:10A9H         LINE#         727
  C:10A9H         LINE#         728
  C:10B3H         LINE#         729
  C:10B3H         LINE#         730
  C:10CCH         LINE#         731
  C:10D2H         LINE#         732
  C:10D2H         LINE#         733
  C:10F9H         LINE#         734
  C:10FBH         LINE#         737
  C:10FBH         LINE#         738
  C:1123H         LINE#         739
  C:1123H         LINE#         740
  C:1123H         LINE#         741
  C:1128H         LINE#         742
  C:112DH         LINE#         744
  C:1132H         LINE#         745
  C:1132H         LINE#         746
BL51 BANKED LINKER/LOCATER V6.22.2.0                                                  04/23/2019  19:23:19  PAGE 40


  C:1138H         LINE#         747
  C:1138H         LINE#         749
  C:1145H         LINE#         750
  C:1145H         LINE#         751
  C:1147H         LINE#         752
  C:1149H         LINE#         753
  C:114FH         LINE#         754
  C:115CH         LINE#         755
  C:115CH         LINE#         756
  C:1161H         LINE#         757
  C:1164H         LINE#         758
  C:1167H         LINE#         759
  C:1169H         LINE#         760
  C:1169H         LINE#         761
  C:1169H         LINE#         762
  C:1169H         LINE#         763
  -------         ENDPROC       _MULTIPLEDEAL
  -------         ENDMOD        SENSORMETHOD

  -------         MODULE        TIMEOUT
  C:0000H         SYMBOL        _ICE_DUMMY_
  C:1C16H         PUBLIC        _TimeOut_Record
  C:1DB9H         PUBLIC        TimeOutDet_DecHandle
  C:1EDBH         PUBLIC        TimeOut_BaseValue
  C:18AFH         PUBLIC        _TimeOutDet_Check
  D:007BH         PUBLIC        InsBaseNum
  C:001EH         PUBLIC        TimeOutDet_Init
  -------         PROC          TIMEOUTDET_INIT
  C:001EH         LINE#         6
  C:001EH         LINE#         7
  C:001EH         LINE#         8
  C:002AH         LINE#         9
  -------         ENDPROC       TIMEOUTDET_INIT
  -------         PROC          TIMEOUTDET_DECHANDLE
  C:1DB9H         LINE#         11
  C:1DB9H         LINE#         12
  C:1DB9H         LINE#         13
  C:1DD9H         LINE#         14
  -------         ENDPROC       TIMEOUTDET_DECHANDLE
  -------         PROC          TIMEOUT_BASEVALUE
  C:1EDBH         LINE#         17
  C:1EDBH         LINE#         18
  C:1EDBH         LINE#         19
  C:1EE3H         LINE#         20
  -------         ENDPROC       TIMEOUT_BASEVALUE
  -------         PROC          _TIMEOUT_RECORD
  D:0021H         SYMBOL        TimeOutPara
  D:0024H         SYMBOL        timeoutvalue
  C:1C16H         LINE#         22
  C:1C24H         LINE#         24
  C:1C24H         LINE#         25
  C:1C30H         LINE#         26
  C:1C47H         LINE#         27
  -------         ENDPROC       _TIMEOUT_RECORD
  -------         PROC          _TIMEOUTDET_CHECK
  D:0021H         SYMBOL        TimeOutPara
  C:18AFH         LINE#         36
BL51 BANKED LINKER/LOCATER V6.22.2.0                                                  04/23/2019  19:23:19  PAGE 41


  C:18B5H         LINE#         37
  C:18B5H         LINE#         38
  C:1906H         LINE#         39
  -------         ENDPROC       _TIMEOUTDET_CHECK
  -------         ENDMOD        TIMEOUT

  -------         MODULE        ?C?CLDOPTR
  C:005EH         PUBLIC        ?C?CLDOPTR
  -------         ENDMOD        ?C?CLDOPTR

  -------         MODULE        ?C?IMUL
  C:008BH         PUBLIC        ?C?IMUL
  -------         ENDMOD        ?C?IMUL

  -------         MODULE        ?C?UIDIV
  C:009DH         PUBLIC        ?C?UIDIV
  -------         ENDMOD        ?C?UIDIV

  -------         MODULE        ?C?IILDX
  C:00F2H         PUBLIC        ?C?IILDX
  -------         ENDMOD        ?C?IILDX

  -------         MODULE        ?C?LMUL
  C:0108H         PUBLIC        ?C?LMUL
  -------         ENDMOD        ?C?LMUL

  -------         MODULE        ?C?ULDIV
  C:0193H         PUBLIC        ?C?ULDIV
  -------         ENDMOD        ?C?ULDIV

  -------         MODULE        ?C?SLDIV
  C:1A84H         PUBLIC        ?C?SLDIV
  -------         ENDMOD        ?C?SLDIV

  -------         MODULE        ?C?LNOT
  C:0225H         PUBLIC        ?C?LNOT
  -------         ENDMOD        ?C?LNOT

  -------         MODULE        ?C?ULCMP
  C:0232H         PUBLIC        ?C?ULCMP
  -------         ENDMOD        ?C?ULCMP

  -------         MODULE        ?C?ULSHR
  C:0243H         PUBLIC        ?C?ULSHR
  -------         ENDMOD        ?C?ULSHR

  -------         MODULE        ?C?SLSHR
  C:0256H         PUBLIC        ?C?SLSHR
  -------         ENDMOD        ?C?SLSHR

  -------         MODULE        ?C?LSHL
  C:026AH         PUBLIC        ?C?LSHL
  -------         ENDMOD        ?C?LSHL

  -------         MODULE        ?C?LLDOPTR
  C:027DH         PUBLIC        ?C?LLDOPTR
  -------         ENDMOD        ?C?LLDOPTR
BL51 BANKED LINKER/LOCATER V6.22.2.0                                                  04/23/2019  19:23:19  PAGE 42



  -------         MODULE        ?C?LSTPTR
  C:02ADH         PUBLIC        ?C?LSTPTR
  -------         ENDMOD        ?C?LSTPTR

  -------         MODULE        ?C?LSTOPTR
  C:02C7H         PUBLIC        ?C?LSTOPTR
  -------         ENDMOD        ?C?LSTOPTR

  -------         MODULE        ?C?LLDPTR0
  C:02EBH         PUBLIC        ?C?LLDPTR0
  -------         ENDMOD        ?C?LLDPTR0

  -------         MODULE        ?C?OFFXADD
  C:030BH         PUBLIC        ?C?OFFXADD
  -------         ENDMOD        ?C?OFFXADD

  -------         MODULE        ?C?CCASE
  C:0317H         PUBLIC        ?C?CCASE
  -------         ENDMOD        ?C?CCASE

  -------         MODULE        ?C?LCASE
  C:033DH         PUBLIC        ?C?LCASE
  -------         ENDMOD        ?C?LCASE

  -------         MODULE        ?C?MEMSET
  C:0377H         PUBLIC        ?C?MEMSET
  -------         ENDMOD        ?C?MEMSET

  -------         MODULE        ?C?LLDIDATA
  C:03A3H         PUBLIC        ?C?LLDIDATA
  -------         ENDMOD        ?C?LLDIDATA

  -------         MODULE        ?C?LLDXDATA
  C:03AFH         PUBLIC        ?C?LLDXDATA
  -------         ENDMOD        ?C?LLDXDATA

  -------         MODULE        ?C?LLDPDATA
  C:03BBH         PUBLIC        ?C?LLDPDATA
  -------         ENDMOD        ?C?LLDPDATA

  -------         MODULE        ?C?LLDCODE
  C:03C7H         PUBLIC        ?C?LLDCODE
  -------         ENDMOD        ?C?LLDCODE

  -------         MODULE        ?C?LLDIDATA0
  C:03D7H         PUBLIC        ?C?LLDIDATA0
  -------         ENDMOD        ?C?LLDIDATA0

  -------         MODULE        ?C?LLDXDATA0
  C:03E4H         PUBLIC        ?C?LLDXDATA0
  -------         ENDMOD        ?C?LLDXDATA0

  -------         MODULE        ?C?LLDPDATA0
  C:03F0H         PUBLIC        ?C?LLDPDATA0
  -------         ENDMOD        ?C?LLDPDATA0

BL51 BANKED LINKER/LOCATER V6.22.2.0                                                  04/23/2019  19:23:19  PAGE 43


  -------         MODULE        ?C?LLDCODE0
  C:03FDH         PUBLIC        ?C?LLDCODE0
  -------         ENDMOD        ?C?LLDCODE0

  -------         MODULE        ?C?LSTIDATA
  C:040DH         PUBLIC        ?C?LSTIDATA
  -------         ENDMOD        ?C?LSTIDATA

  -------         MODULE        ?C?LSTXDATA
  C:0419H         PUBLIC        ?C?LSTXDATA
  -------         ENDMOD        ?C?LSTXDATA

  -------         MODULE        ?C?LSTPDATA
  C:0425H         PUBLIC        ?C?LSTPDATA
  -------         ENDMOD        ?C?LSTPDATA

*** WARNING L16: UNCALLED SEGMENT, IGNORED FOR OVERLAY PROCESS
    SEGMENT: ?PR?TOUCHKEY_INTOLOWPOWERMODE?S_TOUCHKEYCFG

*** WARNING L16: UNCALLED SEGMENT, IGNORED FOR OVERLAY PROCESS
    SEGMENT: ?PR?LOWPOWER_TOUCHKEY_SCAN?S_TOUCHKEYCFG

*** WARNING L15: MULTIPLE CALL TO SEGMENT
    SEGMENT: ?PR?_GETCFGMSG?S_TOUCHKEYCFG
    CALLER1: ?C_C51STARTUP
    CALLER2: ?PR?CTK_ISR?SENSORMETHOD

*** WARNING L15: MULTIPLE CALL TO SEGMENT
    SEGMENT: ?PR?_GETSCANTIMEVALUE?S_TOUCHKEYCFG
    CALLER1: ?C_C51STARTUP
    CALLER2: ?PR?CTK_ISR?SENSORMETHOD

*** WARNING L15: MULTIPLE CALL TO SEGMENT
    SEGMENT: ?PR?_GETBASELINEADJUSTVALUE?S_TOUCHKEYCFG
    CALLER1: ?C_C51STARTUP
    CALLER2: ?PR?CTK_ISR?SENSORMETHOD

Program Size: data=128.7 xdata=138 code=7949
LINK/LOCATE RUN COMPLETE.  5 WARNING(S),  0 ERROR(S)
