C51 COMPILER V9.59.0.0   TIMEOUT                                                           04/27/2019 08:30:02 PAGE 1   


C51 COMPILER V9.59.0.0, COMPILATION OF MODULE TIMEOUT
OBJECT MODULE PLACED IN .\obj\TimeOut.obj
COMPILER INVOKED BY: E:\MDK\C51\BIN\C51.EXE C\TimeOut.c OPTIMIZE(2,SPEED) BROWSE INCDIR(.\H;.\lib) DEBUG OBJECTEXTEND PR
                    -INT(.\lst\TimeOut.lst) TABS(7) OBJECT(.\obj\TimeOut.obj)

line level    source

   1          #include "TimeOut.h"
   2          
   3          
   4          volatile clock_time_t InsBaseNum = 0;
   5          
   6          void TimeOutDet_Init(void)
   7          {
   8   1             InsBaseNum=0;
   9   1      }
  10          
  11          void TimeOutDet_DecHandle(void)
  12          {
  13   1             InsBaseNum++;
  14   1      }
  15          
  16          
  17          clock_time_t TimeOut_BaseValue(void)
  18          {
  19   1             return InsBaseNum;
  20   1      }
  21          
  22          void TimeOut_Record(TIMEOUT_PARA * TimeOutPara,clock_time_t timeoutvalue)
  23          
  24          {
  25   1             TimeOutPara->RecordValue=TimeOut_BaseValue();
  26   1             TimeOutPara->timeoutcnt=timeoutvalue;
  27   1      }
  28          
  29          #if 0
              void TimeOut_restart(TIMEOUT_PARA *TimeOutPara)
              {      
                     TimeOutPara->RecordValue = TimeOut_BaseValue();
              }
              #endif
  35          
  36          clock_time_t TimeOutDet_Check(TIMEOUT_PARA * TimeOutPara)
  37          {
  38   1             return (((clock_time_t)(InsBaseNum-TimeOutPara->RecordValue)>=TimeOutPara->timeoutcnt)?1:0);
  39   1      }
  40          
  41          
  42          


MODULE INFORMATION:   STATIC OVERLAYABLE
   CODE SIZE        =    193    ----
   CONSTANT SIZE    =   ----    ----
   XDATA SIZE       =   ----    ----
   PDATA SIZE       =   ----    ----
   DATA SIZE        =      4      10
   IDATA SIZE       =   ----    ----
   BIT SIZE         =   ----    ----
END OF MODULE INFORMATION.


C51 COMPILATION COMPLETE.  0 WARNING(S),  0 ERROR(S)
