###############################################################################
#
# IAR ELF Linker V3.10.1.201 for STM8                     23/Apr/2019  18:25:52
# Copyright 2010-2017 IAR Systems AB.
#
#    Output file  =  
#        C:\Users\Administrator\Desktop\B26RRLA\B26_Slave\pro\Debug\Exe\B26_Slave.out
#    Map file     =  
#        C:\Users\Administrator\Desktop\B26RRLA\B26_Slave\pro\Debug\List\B26_Slave.map
#    Command line =  
#        -f C:\Users\ADMINI~1\AppData\Local\Temp\EWE56D.tmp
#        (C:\Users\Administrator\Desktop\B26RRLA\B26_Slave\pro\Debug\Obj\bsp_key.o
#        C:\Users\Administrator\Desktop\B26RRLA\B26_Slave\pro\Debug\Obj\bsp_led.o
#        C:\Users\Administrator\Desktop\B26RRLA\B26_Slave\pro\Debug\Obj\bsp_mass.o
#        C:\Users\Administrator\Desktop\B26RRLA\B26_Slave\pro\Debug\Obj\bsp_msg.o
#        C:\Users\Administrator\Desktop\B26RRLA\B26_Slave\pro\Debug\Obj\bsp_pushrod.o
#        C:\Users\Administrator\Desktop\B26RRLA\B26_Slave\pro\Debug\Obj\bsp_timer.o
#        C:\Users\Administrator\Desktop\B26RRLA\B26_Slave\pro\Debug\Obj\bsp_uart.o
#        C:\Users\Administrator\Desktop\B26RRLA\B26_Slave\pro\Debug\Obj\bsp_warm.o
#        C:\Users\Administrator\Desktop\B26RRLA\B26_Slave\pro\Debug\Obj\main.o
#        C:\Users\Administrator\Desktop\B26RRLA\B26_Slave\pro\Debug\Obj\stm8s_clk.o
#        C:\Users\Administrator\Desktop\B26RRLA\B26_Slave\pro\Debug\Obj\stm8s_gpio.o
#        C:\Users\Administrator\Desktop\B26RRLA\B26_Slave\pro\Debug\Obj\stm8s_it.o
#        C:\Users\Administrator\Desktop\B26RRLA\B26_Slave\pro\Debug\Obj\stm8s_iwdg.o
#        C:\Users\Administrator\Desktop\B26RRLA\B26_Slave\pro\Debug\Obj\stm8s_tim1.o
#        C:\Users\Administrator\Desktop\B26RRLA\B26_Slave\pro\Debug\Obj\stm8s_tim4.o
#        C:\Users\Administrator\Desktop\B26RRLA\B26_Slave\pro\Debug\Obj\stm8s_uart1.o
#        C:\Users\Administrator\Desktop\B26RRLA\B26_Slave\pro\Debug\Obj\system.o
#        C:\Users\Administrator\Desktop\B26RRLA\B26_Slave\pro\Debug\Obj\TimeOut.o
#        --redirect _Printf=_PrintfSmall --redirect _Scanf=_ScanfSmall -o
#        C:\Users\Administrator\Desktop\B26RRLA\B26_Slave\pro\Debug\Exe\B26_Slave.out
#        --map
#        C:\Users\Administrator\Desktop\B26RRLA\B26_Slave\pro\Debug\List\B26_Slave.map
#        --config "C:\Program Files (x86)\IAR Systems\Embedded Workbench
#        8.0\stm8\config\lnkstm8s103f3.icf" --config_def _CSTACK_SIZE=0x100
#        --config_def _HEAP_SIZE=0x100 --entry __iar_program_start --debug_lib)
#
###############################################################################

*******************************************************************************
*** RUNTIME MODEL ATTRIBUTES
***

__SystemLibrary            = DLib
__code_model               = small
__core                     = stm8
__data_model               = medium
__dlib_file_descriptor     = 0
__dlib_full_locale_support = 0
__rt_version               = 4


*******************************************************************************
*** PLACEMENT SUMMARY
***

"A0":  place at start of [0x000000-0x0000ff] { rw section .vregs };
"A1":  place at end of [0x000000-0x0003ff] { block CSTACK };
"P2":  place in [from 0x000000 to 0x0003ff] {
          block HEAP, rw section __DLIB_PERTHREAD, rw section .far.bss,
          rw section .far.data, rw section .far.noinit,
          rw section .far_func.textrw, rw section .huge.bss,
          rw section .huge.data, rw section .huge.noinit,
          rw section .huge_func.textrw, rw section .iar.dynexit,
          rw section .near.bss, rw section .near.data, rw section .near.noinit,
          rw section .near_func.textrw };
"A2":  place at start of [0x008000-0x009fff] { block INTVEC };
"P3":  place in [from 0x008000 to 0x009fff] {
          ro section __DLIB_PERTHREAD_init, ro section .far.data_init,
          ro section .far_func.textrw_init, ro section .huge.data_init,
          ro section .huge_func.textrw_init, ro section .iar.init_table,
          ro section .init_array, ro section .near.data_init,
          ro section .near.rodata, ro section .near_func.text,
          ro section .near_func.textrw_init, ro section .tiny.data_init,
          ro section .tiny.rodata_init };
"P4":  place in [from 0x008000 to 0x009fff] {
          ro section .far.rodata, ro section .far_func.text };
"P5":  place in [from 0x008000 to 0x009fff] {
          ro section .huge.rodata, ro section .huge_func.text };
do not initialize {
   rw section .eeprom.noinit, rw section .far.noinit, rw section .huge.noinit,
   rw section .near.noinit, rw section .tiny.noinit, rw section .vregs };

  Section          Kind      Address    Size  Object
  -------          ----      -------    ----  ------
"A0":                                   0x10
  .vregs           uninit   0x000000    0x10  vregs.o [4]
                          - 0x000010    0x10

"P2":                                   0x38
  .near.bss        zero     0x000010    0x10  bsp_mass.o [1]
  .near.bss        zero     0x000020    0x10  bsp_pushrod.o [1]
  .near.bss        zero     0x000030     0x7  bsp_uart.o [1]
  .near.bss        zero     0x000037     0x4  TimeOut.o [1]
  .near.bss        zero     0x00003b     0x2  bsp_msg.o [1]
  .near.bss        zero     0x00003d     0x2  bsp_msg.o [1]
  .near.bss        zero     0x00003f     0x1  bsp_mass.o [1]
  .near.bss        zero     0x000040     0x1  bsp_mass.o [1]
  .near.bss        zero     0x000041     0x1  bsp_mass.o [1]
  .near.bss        zero     0x000042     0x1  bsp_mass.o [1]
  .near.bss        zero     0x000043     0x1  bsp_msg.o [1]
  .near.bss        zero     0x000044     0x1  bsp_pushrod.o [1]
  .near.bss        zero     0x000045     0x1  bsp_pushrod.o [1]
  .near.bss        zero     0x000046     0x1  bsp_uart.o [1]
  .near.bss        zero     0x000047     0x1  bsp_uart.o [1]
                          - 0x000048    0x38

"A1":                                  0x100
  CSTACK                    0x000300   0x100  <Block>
    CSTACK         uninit   0x000300   0x100  <Block tail>
                          - 0x000400   0x100

"A2":                                   0x80
  INTVEC                    0x008000    0x80  <Block>
    .intvec        const    0x008000    0x80  interrupt.o [4]
                          - 0x008080    0x80

"P3-P5":                              0x1694
  .near_func.text  ro code  0x008080   0x4ea  bsp_msg.o [1]
  .near_func.text  ro code  0x00856a   0x222  stm8s_uart1.o [1]
  .near_func.text  ro code  0x00878c   0x1aa  bsp_mass.o [1]
  .near_func.text  ro code  0x008936   0x14e  long.o [4]
  .near_func.text  ro code  0x008a84   0x117  bsp_pushrod.o [1]
  .near_func.text  ro code  0x008b9b   0x110  stm8s_gpio.o [1]
  .near_func.text  ro code  0x008cab   0x105  vreg_util.o [4]
  .near_func.text  ro code  0x008db0    0xd0  stm8s_uart1.o [1]
  .near_func.text  ro code  0x008e80    0xa8  bsp_msg.o [1]
  .near_func.text  ro code  0x008f28    0x7a  bsp_pushrod.o [1]
  .near_func.text  ro code  0x008fa2    0x6d  stm8s_tim1.o [1]
  .near_func.text  ro code  0x00900f    0x60  stm8s_tim1.o [1]
  .near_func.text  ro code  0x00906f    0x57  stm8s_clk.o [1]
  .near_func.text  ro code  0x0090c6    0x55  bsp_uart.o [1]
  .near_func.text  ro code  0x00911b    0x55  long_util.o [4]
  .near_func.text  ro code  0x009170    0x4e  stm8s_tim1.o [1]
  .near_func.text  ro code  0x0091be    0x4c  system.o [1]
  .near.rodata     const    0x00920a    0x43  stm8s_uart1.o [1]
  .near_func.text  ro code  0x00924d    0x43  bsp_pushrod.o [1]
  .near.rodata     const    0x009290    0x42  stm8s_gpio.o [1]
  .near.rodata     const    0x0092d2    0x42  stm8s_tim1.o [1]
  .near.rodata     const    0x009314    0x41  stm8s_clk.o [1]
  .near_func.text  ro code  0x009355    0x3d  stm8s_clk.o [1]
  .near_func.text  ro code  0x009392    0x36  stm8s_uart1.o [1]
  .near_func.text  ro code  0x0093c8    0x2f  stm8s_tim1.o [1]
  .near_func.text  ro code  0x0093f7    0x2f  stm8s_tim1.o [1]
  .near_func.text  ro code  0x009426    0x2d  stm8s_uart1.o [1]
  .near_func.text  ro code  0x009453    0x28  bsp_uart.o [1]
  .near_func.text  ro code  0x00947b    0x27  stm8s_it.o [1]
  .near_func.text  ro code  0x0094a2    0x25  dc_util.o [4]
  .near_func.text  ro code  0x0094c7    0x22  stm8s_tim1.o [1]
  .near_func.text  ro code  0x0094e9    0x22  TimeOut.o [1]
  .iar.init_table  const    0x00950b     0x8  - Linker created -
  .near_func.text  ro code  0x009513    0x20  bsp_timer.o [1]
  .near_func.text  ro code  0x009533    0x1e  bsp_warm.o [1]
  .near_func.text  ro code  0x009551    0x1e  init_small.o [4]
  .near_func.text  ro code  0x00956f    0x1c  stm8s_it.o [1]
  .near_func.text  ro code  0x00958b    0x19  bsp_pushrod.o [1]
  .near_func.text  ro code  0x0095a4    0x18  bsp_key.o [1]
  .near_func.text  ro code  0x0095bc    0x16  bsp_pushrod.o [1]
  .near_func.text  ro code  0x0095d2    0x16  memset.o [4]
  .near_func.text  ro code  0x0095e8    0x14  bsp_msg.o [1]
  .near_func.text  ro code  0x0095fc    0x14  init.o [4]
  .near_func.text  ro code  0x009610    0x14  __dbg_xxexit.o [3]
  .near_func.text  ro code  0x009624    0x13  TimeOut.o [1]
  .near_func.text  ro code  0x009637    0x13  cstartup.o [4]
  .near_func.text  ro code  0x00964a     0xf  TimeOut.o [1]
  .near_func.text  ro code  0x009659     0xe  bsp_uart.o [1]
  .near_func.text  ro code  0x009667     0xe  bsp_warm.o [1]
  .near_func.text  ro code  0x009675     0xd  stm8s_uart1.o [1]
  .near_func.text  ro code  0x009682     0xd  short.o [4]
  .near_func.text  ro code  0x00968f     0xc  bsp_key.o [1]
  .near_func.text  ro code  0x00969b     0xc  bsp_key.o [1]
  .near_func.text  ro code  0x0096a7     0xc  bsp_led.o [1]
  .near_func.text  ro code  0x0096b3     0x9  TimeOut.o [1]
  .near_func.text  ro code  0x0096bc     0x8  main.o [1]
  .near_func.text  ro code  0x0096c4     0x7  bsp_msg.o [1]
  .near_func.text  ro code  0x0096cb     0x7  stm8s_gpio.o [1]
  .near_func.text  ro code  0x0096d2     0x7  stm8s_gpio.o [1]
  .near_func.text  ro code  0x0096d9     0x6  TimeOut.o [1]
  .near_func.text  ro code  0x0096df     0x5  cexit.o [4]
  .near.rodata     const    0x0096e4     0x4  stm8s_clk.o [1]
  .near_func.text  ro code  0x0096e8     0x4  stm8s_gpio.o [1]
  .near_func.text  ro code  0x0096ec     0x4  stm8s_uart1.o [1]
  .near_func.text  ro code  0x0096f0     0x3  bsp_msg.o [1]
  .near_func.text  ro code  0x0096f3     0x3  interrupt.o [4]
  .near_func.text  ro code  0x0096f6     0x3  low_level_init.o [4]
  .near_func.text  ro code  0x0096f9     0x3  exit.o [4]
  .near_func.text  ro code  0x0096fc     0x3  unhandled_exception.o [4]
  .near_func.text  ro code  0x0096ff     0x2  main.o [1]
  .near_func.text  ro code  0x009701     0x1  stm8s_it.o [1]
  .near_func.text  ro code  0x009702     0x1  stm8s_it.o [1]
  .near_func.text  ro code  0x009703     0x1  stm8s_it.o [1]
  .near_func.text  ro code  0x009704     0x1  stm8s_it.o [1]
  .near_func.text  ro code  0x009705     0x1  stm8s_it.o [1]
  .near_func.text  ro code  0x009706     0x1  stm8s_it.o [1]
  .near_func.text  ro code  0x009707     0x1  stm8s_it.o [1]
  .near_func.text  ro code  0x009708     0x1  stm8s_it.o [1]
  .near_func.text  ro code  0x009709     0x1  stm8s_it.o [1]
  .near_func.text  ro code  0x00970a     0x1  stm8s_it.o [1]
  .near_func.text  ro code  0x00970b     0x1  stm8s_it.o [1]
  .near_func.text  ro code  0x00970c     0x1  stm8s_it.o [1]
  .near_func.text  ro code  0x00970d     0x1  stm8s_it.o [1]
  .near_func.text  ro code  0x00970e     0x1  stm8s_it.o [1]
  .near_func.text  ro code  0x00970f     0x1  stm8s_it.o [1]
  .near_func.text  ro code  0x009710     0x1  stm8s_it.o [1]
  .near_func.text  ro code  0x009711     0x1  stm8s_it.o [1]
  .near_func.text  ro code  0x009712     0x1  stm8s_it.o [1]
  .near_func.text  ro code  0x009713     0x1  __dbg_break.o [3]
                          - 0x009714  0x1694


*******************************************************************************
*** INIT TABLE
***

          Address   Size
          -------   ----
Zero (__iar_zero_init2)
    1 destination range, total size 0x38:
          0x000010  0x38



*******************************************************************************
*** MODULE SUMMARY
***

    Module                 ro code  ro data  rw data
    ------                 -------  -------  -------
C:\Users\Administrator\Desktop\B26RRLA\B26_Slave\pro\Debug\Obj: [1]
    TimeOut.o                   83                 4
    bsp_key.o                   48
    bsp_led.o                   12
    bsp_mass.o                 426                20
    bsp_msg.o                1 456                 5
    bsp_pushrod.o              515                18
    bsp_timer.o                 32
    bsp_uart.o                 139                 9
    bsp_warm.o                  44
    main.o                      10
    stm8s_clk.o                148       69
    stm8s_gpio.o               290       66
    stm8s_it.o                  85
    stm8s_tim1.o               411       66
    stm8s_uart1.o              870       67
    system.o                    76
    ------------------------------------------------
    Total:                   4 645      268       56

command line: [2]
    ------------------------------------------------
    Total:

dbgstm8smd.a: [3]
    __dbg_break.o                1
    __dbg_xxexit.o              20
    ------------------------------------------------
    Total:                      21

dlstm8smn.a: [4]
    cexit.o                      5
    cstartup.o                  19
    dc_util.o                   37
    exit.o                       3
    init.o                      20
    init_small.o                30
    interrupt.o                  3      128
    long.o                     334
    long_util.o                 85
    low_level_init.o             3
    memset.o                    22
    short.o                     13
    unhandled_exception.o        3
    vreg_util.o                261
    vregs.o                                       16
    ------------------------------------------------
    Total:                     838      128       16

    Linker created                        8      256
----------------------------------------------------
    Grand Total:             5 504      404      328


*******************************************************************************
*** ENTRY LIST
***

Entry                    Address   Size  Type      Object
-----                    -------   ----  ----      ------
.iar.init_table$$Base   0x00950b          --   Gb  - Linker created -
.iar.init_table$$Limit  0x009513          --   Gb  - Linker created -
?b0                     0x000000         Data  Gb  vregs.o [4]
?b1                     0x000001         Data  Gb  vregs.o [4]
?b10                    0x00000a         Data  Gb  vregs.o [4]
?b11                    0x00000b         Data  Gb  vregs.o [4]
?b12                    0x00000c         Data  Gb  vregs.o [4]
?b13                    0x00000d         Data  Gb  vregs.o [4]
?b14                    0x00000e         Data  Gb  vregs.o [4]
?b15                    0x00000f         Data  Gb  vregs.o [4]
?b2                     0x000002         Data  Gb  vregs.o [4]
?b3                     0x000003         Data  Gb  vregs.o [4]
?b4                     0x000004         Data  Gb  vregs.o [4]
?b5                     0x000005         Data  Gb  vregs.o [4]
?b6                     0x000006         Data  Gb  vregs.o [4]
?b7                     0x000007         Data  Gb  vregs.o [4]
?b8                     0x000008         Data  Gb  vregs.o [4]
?b9                     0x000009         Data  Gb  vregs.o [4]
?dc32_l0                0x0094a2         Code  Gb  dc_util.o [4]
?dc32_l1                0x0094af         Code  Gb  dc_util.o [4]
?dc32_px                0x0094bc         Code  Gb  dc_util.o [4]
?e0                     0x000001         Data  Gb  vregs.o [4]
?e1                     0x000005         Data  Gb  vregs.o [4]
?e2                     0x000009         Data  Gb  vregs.o [4]
?e3                     0x00000d         Data  Gb  vregs.o [4]
?epilogue_l2            0x008d46         Code  Gb  vreg_util.o [4]
?epilogue_l2_l3         0x008d43         Code  Gb  vreg_util.o [4]
?epilogue_l2_w6         0x008d4a         Code  Gb  vreg_util.o [4]
?epilogue_w4            0x008d51         Code  Gb  vreg_util.o [4]
?inc32_0x_0x            0x00893b         Code  Gb  long.o [4]
?inc32_l0_l0            0x008936         Code  Gb  long.o [4]
?l0                     0x000000         Data  Gb  vregs.o [4]
?l1                     0x000004         Data  Gb  vregs.o [4]
?l2                     0x000008         Data  Gb  vregs.o [4]
?l3                     0x00000c         Data  Gb  vregs.o [4]
?load32_0x_l0           0x009154         Code  Gb  long_util.o [4]
?load32_0x_l1           0x009162         Code  Gb  long_util.o [4]
?load32_asp_l0          0x009148         Code  Gb  long_util.o [4]
?load32_dbsp_l0         0x009143         Code  Gb  long_util.o [4]
?load32_l0_0x           0x00912b         Code  Gb  long_util.o [4]
?load32_l0_asp          0x009120         Code  Gb  long_util.o [4]
?load32_l0_dbsp         0x00911b         Code  Gb  long_util.o [4]
?load32_l0_xsp          0x009122         Code  Gb  long_util.o [4]
?load32_l1_0x           0x009137         Code  Gb  long_util.o [4]
?load32_xsp_l0          0x00914a         Code  Gb  long_util.o [4]
?mov_e0_e2              0x008d58         Code  Gb  vreg_util.o [4]
?mov_e0_e3              0x008d65         Code  Gb  vreg_util.o [4]
?mov_e1_e0              0x008d72         Code  Gb  vreg_util.o [4]
?mov_e1_e2              0x008d7f         Code  Gb  vreg_util.o [4]
?mov_e1_e3              0x008d8c         Code  Gb  vreg_util.o [4]
?mov_e2_e0              0x008d99         Code  Gb  vreg_util.o [4]
?mov_e3_e0              0x008da6         Code  Gb  vreg_util.o [4]
?mov_l0_l2              0x008d55         Code  Gb  vreg_util.o [4]
?mov_l0_l3              0x008d62         Code  Gb  vreg_util.o [4]
?mov_l1_l0              0x008d6f         Code  Gb  vreg_util.o [4]
?mov_l1_l2              0x008d7c         Code  Gb  vreg_util.o [4]
?mov_l1_l3              0x008d89         Code  Gb  vreg_util.o [4]
?mov_l2_l0              0x008d96         Code  Gb  vreg_util.o [4]
?mov_l3_l0              0x008da3         Code  Gb  vreg_util.o [4]
?mov_w1_w5              0x008d5b         Code  Gb  vreg_util.o [4]
?mov_w1_w7              0x008d68         Code  Gb  vreg_util.o [4]
?mov_w3_w1              0x008d75         Code  Gb  vreg_util.o [4]
?mov_w3_w5              0x008d82         Code  Gb  vreg_util.o [4]
?mov_w3_w7              0x008d8f         Code  Gb  vreg_util.o [4]
?mov_w5_w1              0x008d9c         Code  Gb  vreg_util.o [4]
?mov_w7_w1              0x008da9         Code  Gb  vreg_util.o [4]
?mul32_l0_l0_0x         0x008967         Code  Gb  long.o [4]
?mul32_l0_l0_dl         0x008964         Code  Gb  long.o [4]
?mul32_l0_l0_l1         0x008970         Code  Gb  long.o [4]
?pop_l0                 0x008d0f         Code  Gb  vreg_util.o [4]
?pop_l1                 0x008d1a         Code  Gb  vreg_util.o [4]
?pop_l2                 0x008d25         Code  Gb  vreg_util.o [4]
?pop_l3                 0x008d30         Code  Gb  vreg_util.o [4]
?pop_w4                 0x008cc8         Code  Gb  vreg_util.o [4]
?pop_w6                 0x008ccf         Code  Gb  vreg_util.o [4]
?push_l0                0x008cde         Code  Gb  vreg_util.o [4]
?push_l1                0x008ce3         Code  Gb  vreg_util.o [4]
?push_l2                0x008ce8         Code  Gb  vreg_util.o [4]
?push_l3                0x008ced         Code  Gb  vreg_util.o [4]
?push_w4                0x008cab         Code  Gb  vreg_util.o [4]
?push_w6                0x008cb0         Code  Gb  vreg_util.o [4]
?sll16_x_x_a            0x009682         Code  Gb  short.o [4]
?sll32_0x_0x_a          0x008a76         Code  Gb  long.o [4]
?sll32_l0_l0_a          0x008a73         Code  Gb  long.o [4]
?srl16_x_x_4            0x00968a         Code  Gb  short.o [4]
?sub32_l0_l0_0x         0x00894c         Code  Gb  long.o [4]
?sub32_l0_l0_l1         0x008949         Code  Gb  long.o [4]
?ucmp32_c_l0_0x         0x008a63         Code  Gb  long.o [4]
?udiv32_l0_dl_l1        0x0089ee         Code  Gb  long.o [4]
?udiv32_l0_l0_dl        0x0089f3         Code  Gb  long.o [4]
?udiv32_l0_l0_l1        0x0089f6         Code  Gb  long.o [4]
?umod32_l1_l0_l1        0x0089f6         Code  Gb  long.o [4]
?w0                     0x000000         Data  Gb  vregs.o [4]
?w1                     0x000002         Data  Gb  vregs.o [4]
?w2                     0x000004         Data  Gb  vregs.o [4]
?w3                     0x000006         Data  Gb  vregs.o [4]
?w4                     0x000008         Data  Gb  vregs.o [4]
?w5                     0x00000a         Data  Gb  vregs.o [4]
?w6                     0x00000c         Data  Gb  vregs.o [4]
?w7                     0x00000e         Data  Gb  vregs.o [4]
ADC1_IRQHandler         0x009710    0x1  Code  Gb  stm8s_it.o [1]
AWU_IRQHandler          0x009703    0x1  Code  Gb  stm8s_it.o [1]
CLK_GetClockFreq        0x00906f   0x57  Code  Gb  stm8s_clk.o [1]
CLK_HSIPrescalerConfig  0x009355   0x3d  Code  Gb  stm8s_clk.o [1]
CLK_IRQHandler          0x009704    0x1  Code  Gb  stm8s_it.o [1]
CSTACK$$Base            0x000300          --   Gb  - Linker created -
CSTACK$$Limit           0x000400          --   Gb  - Linker created -
EEPROM_EEC_IRQHandler   0x009712    0x1  Code  Gb  stm8s_it.o [1]
EXTI_PORTA_IRQHandler   0x009705    0x1  Code  Gb  stm8s_it.o [1]
EXTI_PORTB_IRQHandler   0x009706    0x1  Code  Gb  stm8s_it.o [1]
EXTI_PORTC_IRQHandler   0x009707    0x1  Code  Gb  stm8s_it.o [1]
EXTI_PORTD_IRQHandler   0x009708    0x1  Code  Gb  stm8s_it.o [1]
EXTI_PORTE_IRQHandler   0x009709    0x1  Code  Gb  stm8s_it.o [1]
GPIO_Init               0x008b9b  0x110  Code  Gb  stm8s_gpio.o [1]
GPIO_ReadInputPin       0x0096d2    0x7  Code  Gb  stm8s_gpio.o [1]
GPIO_WriteHigh          0x0096cb    0x7  Code  Gb  stm8s_gpio.o [1]
GPIO_WriteLow           0x0096e8    0x4  Code  Gb  stm8s_gpio.o [1]
GetValuecb              0x00003d    0x2  Data  Gb  bsp_msg.o [1]
Get_Data                0x00003b    0x2  Data  Gb  bsp_msg.o [1]
HSIDivFactor            0x0096e4    0x4  Data  Gb  stm8s_clk.o [1]
I2C_IRQHandler          0x00970f    0x1  Code  Gb  stm8s_it.o [1]
INTVEC$$Base            0x008000          --   Gb  - Linker created -
INTVEC$$Limit           0x008080          --   Gb  - Linker created -
InsBaseNum              0x000037    0x4  Data  Gb  TimeOut.o [1]
Key5_Down               0x00968f    0xc  Code  Gb  bsp_key.o [1]
Key6_Down               0x00969b    0xc  Code  Gb  bsp_key.o [1]
Key_Init                0x0095a4   0x18  Code  Gb  bsp_key.o [1]
Led_Init                0x0096a7    0xc  Code  Gb  bsp_led.o [1]
MassTimeHandle          0x0088a3   0x75  Code  Gb  bsp_mass.o [1]
Mass_BackHandle         0x00892a    0xc  Code  Gb  bsp_mass.o [1]
Mass_Deinit             0x00878c   0x20  Code  Gb  bsp_mass.o [1]
Mass_Flag               0x00003f    0x1  Data  Lc  bsp_mass.o [1]
Mass_Handle             0x0087ac   0xf7  Code  Gb  bsp_mass.o [1]
Mass_Handle::Mode1_Cnt  0x000040    0x1  Data  Lc  bsp_mass.o [1]
Mass_Handle::Mode2_Cnt  0x000041    0x1  Data  Lc  bsp_mass.o [1]
Mass_Handle::Mode3_Cnt  0x000042    0x1  Data  Lc  bsp_mass.o [1]
Mass_HandleRe           0x008918   0x12  Code  Gb  bsp_mass.o [1]
Mass_Para               0x000010   0x10  Data  Gb  bsp_mass.o [1]
Msg_Function            0x008080  0x4ea  Code  Gb  bsp_msg.o [1]
Msg_Init                0x0096f0    0x3  Code  Gb  bsp_msg.o [1]
Msg_Poll                0x0095e8   0x14  Code  Gb  bsp_msg.o [1]
Msg_Register            0x0096c4    0x7  Code  Gb  bsp_msg.o [1]
Msg_Scanf               0x008e80   0xa8  Code  Lc  bsp_msg.o [1]
Msg_Status              0x000043    0x1  Data  Lc  bsp_msg.o [1]
OnlyOneInputFlag        0x000044    0x1  Data  Gb  bsp_pushrod.o [1]
PushControl             0x008a84  0x117  Code  Gb  bsp_pushrod.o [1]
PushResetFlag           0x000045    0x1  Data  Gb  bsp_pushrod.o [1]
PushReset_Control       0x0095bc   0x16  Code  Gb  bsp_pushrod.o [1]
Pushrod_Init            0x008f28   0x7a  Code  Gb  bsp_pushrod.o [1]
Region$$Table$$Base     0x00950b          --   Gb  - Linker created -
Region$$Table$$Limit    0x009513          --   Gb  - Linker created -
Reset_BackHandle        0x00924d   0x43  Code  Gb  bsp_pushrod.o [1]
Reset_EndHandle         0x00958b   0x19  Code  Gb  bsp_pushrod.o [1]
RevData_Handle          0x0090c6   0x55  Code  Gb  bsp_uart.o [1]
Rev_Data                0x000047    0x1  Data  Gb  bsp_uart.o [1]
Rev_Num                 0x000046    0x1  Data  Gb  bsp_uart.o [1]
Rev_Select              0x009659    0xe  Code  Gb  bsp_uart.o [1]
Rev_String              0x000030    0x7  Data  Gb  bsp_uart.o [1]
SPI_IRQHandler          0x00970a    0x1  Code  Gb  stm8s_it.o [1]
System_Init             0x0091be   0x4c  Code  Gb  system.o [1]
TIM1_ARRPreloadConfig   0x0093f7   0x2f  Code  Gb  stm8s_tim1.o [1]
TIM1_CAP_COM_IRQHandler
                        0x00970b    0x1  Code  Gb  stm8s_it.o [1]
TIM1_ClearITPendingBit  0x0094c7   0x22  Code  Gb  stm8s_tim1.o [1]
TIM1_Cmd                0x0093c8   0x2f  Code  Gb  stm8s_tim1.o [1]
TIM1_GetITStatus        0x008fa2   0x6d  Code  Gb  stm8s_tim1.o [1]
TIM1_ITConfig           0x009170   0x4e  Code  Gb  stm8s_tim1.o [1]
TIM1_TimeBaseInit       0x00900f   0x60  Code  Gb  stm8s_tim1.o [1]
TIM1_UPD_OVF_TRG_BRK_IRQHandler
                        0x00947b   0x27  Code  Gb  stm8s_it.o [1]
TIM2_CAP_COM_IRQHandler
                        0x00970d    0x1  Code  Gb  stm8s_it.o [1]
TIM2_UPD_OVF_BRK_IRQHandler
                        0x00970c    0x1  Code  Gb  stm8s_it.o [1]
TIM4_UPD_OVF_IRQHandler
                        0x009711    0x1  Code  Gb  stm8s_it.o [1]
TLI_IRQHandler          0x009702    0x1  Code  Gb  stm8s_it.o [1]
TRAP_IRQHandler         0x009701    0x1  Code  Gb  stm8s_it.o [1]
TimeOutDet_Check        0x0094e9   0x22  Code  Gb  TimeOut.o [1]
TimeOutDet_DecHandle    0x00964a    0xf  Code  Gb  TimeOut.o [1]
TimeOutDet_Init         0x0096b3    0x9  Code  Gb  TimeOut.o [1]
TimeOut_BaseValue       0x0096d9    0x6  Code  Gb  TimeOut.o [1]
TimeOut_Para            0x000020   0x10  Data  Gb  bsp_pushrod.o [1]
TimeOut_Record          0x009624   0x13  Code  Gb  TimeOut.o [1]
Timer_Init              0x009513   0x20  Code  Gb  bsp_timer.o [1]
UART1_ClearITPendingBit
                        0x009392   0x36  Code  Gb  stm8s_uart1.o [1]
UART1_Cmd               0x009675    0xd  Code  Gb  stm8s_uart1.o [1]
UART1_DeInit            0x009426   0x2d  Code  Gb  stm8s_uart1.o [1]
UART1_ITConfig          0x008db0   0xd0  Code  Gb  stm8s_uart1.o [1]
UART1_Init              0x00856a  0x222  Code  Gb  stm8s_uart1.o [1]
UART1_RX_IRQHandler     0x00956f   0x1c  Code  Gb  stm8s_it.o [1]
UART1_ReceiveData8      0x0096ec    0x4  Code  Gb  stm8s_uart1.o [1]
UART1_TX_IRQHandler     0x00970e    0x1  Code  Gb  stm8s_it.o [1]
Uart_Init               0x009453   0x28  Code  Gb  bsp_uart.o [1]
Warm_Handle             0x009533   0x1e  Code  Gb  bsp_warm.o [1]
Warm_Init               0x009667    0xe  Code  Gb  bsp_warm.o [1]
__DebugBreak            0x009713    0x1  Code  Gb  __dbg_break.o [3]
__exit                  0x009610   0x14  Code  Gb  __dbg_xxexit.o [3]
__iar_data_init2        0x0095fc   0x14  Code  Gb  init.o [4]
__iar_program_start     0x009637         Code  Gb  cstartup.o [4]
__iar_unhandled_exception
                        0x0096fc         Code  Gb  unhandled_exception.o [4]
__iar_zero_init2        0x009551         Code  Gb  init_small.o [4]
__intvec                0x008000         Data  Gb  interrupt.o [4]
__low_level_init        0x0096f6    0x3  Code  Gb  low_level_init.o [4]
_exit                   0x0096df         Code  Gb  cexit.o [4]
_interrupt_1            0x009701         Code  Gb  stm8s_it.o [1]
_interrupt_12           0x00970a         Code  Gb  stm8s_it.o [1]
_interrupt_13           0x00947b         Code  Gb  stm8s_it.o [1]
_interrupt_14           0x00970b         Code  Gb  stm8s_it.o [1]
_interrupt_15           0x00970c         Code  Gb  stm8s_it.o [1]
_interrupt_16           0x00970d         Code  Gb  stm8s_it.o [1]
_interrupt_19           0x00970e         Code  Gb  stm8s_it.o [1]
_interrupt_2            0x009702         Code  Gb  stm8s_it.o [1]
_interrupt_20           0x00956f         Code  Gb  stm8s_it.o [1]
_interrupt_21           0x00970f         Code  Gb  stm8s_it.o [1]
_interrupt_24           0x009710         Code  Gb  stm8s_it.o [1]
_interrupt_25           0x009711         Code  Gb  stm8s_it.o [1]
_interrupt_26           0x009712         Code  Gb  stm8s_it.o [1]
_interrupt_3            0x009703         Code  Gb  stm8s_it.o [1]
_interrupt_4            0x009704         Code  Gb  stm8s_it.o [1]
_interrupt_5            0x009705         Code  Gb  stm8s_it.o [1]
_interrupt_6            0x009706         Code  Gb  stm8s_it.o [1]
_interrupt_7            0x009707         Code  Gb  stm8s_it.o [1]
_interrupt_8            0x009708         Code  Gb  stm8s_it.o [1]
_interrupt_9            0x009709         Code  Gb  stm8s_it.o [1]
assert_failed           0x0096ff    0x2  Code  Gb  main.o [1]
exit                    0x0096f9    0x3  Code  Gb  exit.o [4]
main                    0x0096bc    0x8  Code  Gb  main.o [1]
memset                  0x0095d2   0x16  Code  Gb  memset.o [4]


[1] = C:\Users\Administrator\Desktop\B26RRLA\B26_Slave\pro\Debug\Obj
[2] = command line
[3] = dbgstm8smd.a
[4] = dlstm8smn.a

  5 504 bytes of readonly  code memory
    404 bytes of readonly  data memory
    328 bytes of readwrite data memory

Errors: none
Warnings: none
